mode: atomic
github.com/Gkrumbach07/openshell-dashboard/backend/pkg/services/config.go:15.65,17.2 1 0
github.com/Gkrumbach07/openshell-dashboard/backend/pkg/services/exec.go:15.66,17.2 1 0
github.com/Gkrumbach07/openshell-dashboard/backend/pkg/services/files.go:20.59,22.2 1 0
github.com/Gkrumbach07/openshell-dashboard/backend/pkg/services/gateway.go:31.71,33.2 1 0
github.com/Gkrumbach07/openshell-dashboard/backend/pkg/services/gateway.go:35.91,37.16 2 0
github.com/Gkrumbach07/openshell-dashboard/backend/pkg/services/gateway.go:37.16,39.3 1 0
github.com/Gkrumbach07/openshell-dashboard/backend/pkg/services/gateway.go:40.2,41.21 2 0
github.com/Gkrumbach07/openshell-dashboard/backend/pkg/services/gateway.go:44.65,47.2 2 0
github.com/Gkrumbach07/openshell-dashboard/backend/pkg/services/gateway.go:49.91,51.16 2 0
github.com/Gkrumbach07/openshell-dashboard/backend/pkg/services/gateway.go:51.16,53.3 1 0
github.com/Gkrumbach07/openshell-dashboard/backend/pkg/services/gateway.go:54.2,55.21 2 0
github.com/Gkrumbach07/openshell-dashboard/backend/pkg/services/policy.go:15.72,17.2 1 0
github.com/Gkrumbach07/openshell-dashboard/backend/pkg/services/provider.go:15.78,17.2 1 0
github.com/Gkrumbach07/openshell-dashboard/backend/pkg/services/sandbox.go:13.83,15.2 1 0
github.com/Gkrumbach07/openshell-dashboard/backend/pkg/services/service.go:13.83,15.2 1 0
github.com/Gkrumbach07/openshell-dashboard/backend/pkg/services/template.go:19.84,24.2 1 0
github.com/Gkrumbach07/openshell-dashboard/backend/pkg/services/template.go:32.31,34.2 1 0
github.com/Gkrumbach07/openshell-dashboard/backend/pkg/services/workspace.go:13.89,15.2 1 0
github.com/Gkrumbach07/openshell-dashboard/backend/pkg/apiutils/respond.go:57.40,59.2 1 12
github.com/Gkrumbach07/openshell-dashboard/backend/pkg/apiutils/respond.go:67.68,70.59 3 14
github.com/Gkrumbach07/openshell-dashboard/backend/pkg/apiutils/respond.go:70.59,72.3 1 0
github.com/Gkrumbach07/openshell-dashboard/backend/pkg/apiutils/respond.go:75.91,77.2 1 13
github.com/Gkrumbach07/openshell-dashboard/backend/pkg/apiutils/respond.go:82.54,85.25 3 10
github.com/Gkrumbach07/openshell-dashboard/backend/pkg/apiutils/respond.go:85.25,87.3 1 7
github.com/Gkrumbach07/openshell-dashboard/backend/pkg/apiutils/respond.go:87.8,89.3 1 3
github.com/Gkrumbach07/openshell-dashboard/backend/pkg/apiutils/respond.go:91.2,91.9 1 10
github.com/Gkrumbach07/openshell-dashboard/backend/pkg/apiutils/respond.go:92.33,94.52 2 1
github.com/Gkrumbach07/openshell-dashboard/backend/pkg/apiutils/respond.go:95.38,97.57 2 1
github.com/Gkrumbach07/openshell-dashboard/backend/pkg/apiutils/respond.go:98.40,100.61 2 1
github.com/Gkrumbach07/openshell-dashboard/backend/pkg/apiutils/respond.go:101.41,103.61 2 1
github.com/Gkrumbach07/openshell-dashboard/backend/pkg/apiutils/respond.go:104.40,106.63 2 1
github.com/Gkrumbach07/openshell-dashboard/backend/pkg/apiutils/respond.go:107.33,109.52 2 1
github.com/Gkrumbach07/openshell-dashboard/backend/pkg/apiutils/respond.go:110.73,112.95 2 1
github.com/Gkrumbach07/openshell-dashboard/backend/pkg/apiutils/respond.go:113.10,117.9 2 3
github.com/Gkrumbach07/openshell-dashboard/backend/pkg/apiutils/respond.go:117.9,118.21 1 2
github.com/Gkrumbach07/openshell-dashboard/backend/pkg/apiutils/respond.go:119.52,122.11 3 1
github.com/Gkrumbach07/openshell-dashboard/backend/pkg/apiutils/respond.go:123.33,126.11 3 1
github.com/Gkrumbach07/openshell-dashboard/backend/pkg/apiutils/respond.go:129.3,130.76 2 1
github.com/Gkrumbach07/openshell-dashboard/backend/pkg/apiutils/respond.go:136.71,140.44 4 3
github.com/Gkrumbach07/openshell-dashboard/backend/pkg/apiutils/respond.go:140.44,144.3 3 2
github.com/Gkrumbach07/openshell-dashboard/backend/pkg/apiutils/respond.go:145.2,145.13 1 1
github.com/Gkrumbach07/openshell-dashboard/backend/pkg/apiutils/respond.go:154.37,156.2 1 9
github.com/Gkrumbach07/openshell-dashboard/backend/pkg/handlers/drafts_handler.go:39.75,41.2 1 10
github.com/Gkrumbach07/openshell-dashboard/backend/pkg/handlers/drafts_handler.go:47.81,52.2 1 1
github.com/Gkrumbach07/openshell-dashboard/backend/pkg/handlers/drafts_handler.go:56.80,58.57 2 1
github.com/Gkrumbach07/openshell-dashboard/backend/pkg/handlers/drafts_handler.go:58.57,60.3 1 0
github.com/Gkrumbach07/openshell-dashboard/backend/pkg/handlers/drafts_handler.go:61.2,62.16 2 1
github.com/Gkrumbach07/openshell-dashboard/backend/pkg/handlers/drafts_handler.go:62.16,65.3 2 0
github.com/Gkrumbach07/openshell-dashboard/backend/pkg/handlers/drafts_handler.go:66.2,66.72 1 1
github.com/Gkrumbach07/openshell-dashboard/backend/pkg/handlers/drafts_handler.go:70.83,76.62 5 2
github.com/Gkrumbach07/openshell-dashboard/backend/pkg/handlers/drafts_handler.go:76.62,78.3 1 0
github.com/Gkrumbach07/openshell-dashboard/backend/pkg/handlers/drafts_handler.go:84.2,85.23 2 2
github.com/Gkrumbach07/openshell-dashboard/backend/pkg/handlers/drafts_handler.go:85.23,88.17 3 1
github.com/Gkrumbach07/openshell-dashboard/backend/pkg/handlers/drafts_handler.go:88.17,91.4 2 0
github.com/Gkrumbach07/openshell-dashboard/backend/pkg/handlers/drafts_handler.go:94.2,95.16 2 2
github.com/Gkrumbach07/openshell-dashboard/backend/pkg/handlers/drafts_handler.go:95.16,98.3 2 0
github.com/Gkrumbach07/openshell-dashboard/backend/pkg/handlers/drafts_handler.go:99.2,102.4 1 2
github.com/Gkrumbach07/openshell-dashboard/backend/pkg/handlers/drafts_handler.go:108.119,110.16 2 1
github.com/Gkrumbach07/openshell-dashboard/backend/pkg/handlers/drafts_handler.go:110.16,112.3 1 0
github.com/Gkrumbach07/openshell-dashboard/backend/pkg/handlers/drafts_handler.go:113.2,113.30 1 1
github.com/Gkrumbach07/openshell-dashboard/backend/pkg/handlers/drafts_handler.go:113.30,114.36 1 1
github.com/Gkrumbach07/openshell-dashboard/backend/pkg/handlers/drafts_handler.go:114.36,116.4 1 1
github.com/Gkrumbach07/openshell-dashboard/backend/pkg/handlers/drafts_handler.go:118.2,118.16 1 0
github.com/Gkrumbach07/openshell-dashboard/backend/pkg/handlers/drafts_handler.go:122.82,124.62 2 1
github.com/Gkrumbach07/openshell-dashboard/backend/pkg/handlers/drafts_handler.go:124.62,126.3 1 0
github.com/Gkrumbach07/openshell-dashboard/backend/pkg/handlers/drafts_handler.go:127.2,127.142 1 1
github.com/Gkrumbach07/openshell-dashboard/backend/pkg/handlers/drafts_handler.go:127.142,130.3 2 0
github.com/Gkrumbach07/openshell-dashboard/backend/pkg/handlers/drafts_handler.go:131.2,131.73 1 1
github.com/Gkrumbach07/openshell-dashboard/backend/pkg/handlers/drafts_handler.go:141.87,143.62 2 1
github.com/Gkrumbach07/openshell-dashboard/backend/pkg/handlers/drafts_handler.go:143.62,145.3 1 0
github.com/Gkrumbach07/openshell-dashboard/backend/pkg/handlers/drafts_handler.go:146.2,147.33 2 1
github.com/Gkrumbach07/openshell-dashboard/backend/pkg/handlers/drafts_handler.go:147.33,149.3 1 1
github.com/Gkrumbach07/openshell-dashboard/backend/pkg/handlers/drafts_handler.go:150.2,151.16 2 1
github.com/Gkrumbach07/openshell-dashboard/backend/pkg/handlers/drafts_handler.go:151.16,154.3 2 0
github.com/Gkrumbach07/openshell-dashboard/backend/pkg/handlers/drafts_handler.go:155.2,160.4 1 1
github.com/Gkrumbach07/openshell-dashboard/backend/pkg/handlers/drafts_handler.go:169.80,171.39 2 1
github.com/Gkrumbach07/openshell-dashboard/backend/pkg/handlers/drafts_handler.go:171.39,173.3 1 0
github.com/Gkrumbach07/openshell-dashboard/backend/pkg/handlers/drafts_handler.go:174.2,174.33 1 1
github.com/Gkrumbach07/openshell-dashboard/backend/pkg/handlers/drafts_handler.go:174.33,177.3 2 0
github.com/Gkrumbach07/openshell-dashboard/backend/pkg/handlers/drafts_handler.go:178.2,179.16 2 1
github.com/Gkrumbach07/openshell-dashboard/backend/pkg/handlers/drafts_handler.go:179.16,183.3 3 0
github.com/Gkrumbach07/openshell-dashboard/backend/pkg/handlers/drafts_handler.go:184.2,184.133 1 1
github.com/Gkrumbach07/openshell-dashboard/backend/pkg/handlers/drafts_handler.go:184.133,187.3 2 0
github.com/Gkrumbach07/openshell-dashboard/backend/pkg/handlers/drafts_handler.go:188.2,188.71 1 1
github.com/Gkrumbach07/openshell-dashboard/backend/pkg/handlers/drafts_handler.go:193.80,195.16 2 1
github.com/Gkrumbach07/openshell-dashboard/backend/pkg/handlers/drafts_handler.go:195.16,198.3 2 0
github.com/Gkrumbach07/openshell-dashboard/backend/pkg/handlers/drafts_handler.go:199.2,202.4 1 1
github.com/Gkrumbach07/openshell-dashboard/backend/pkg/handlers/drafts_handler.go:206.82,208.16 2 1
github.com/Gkrumbach07/openshell-dashboard/backend/pkg/handlers/drafts_handler.go:208.16,211.3 2 0
github.com/Gkrumbach07/openshell-dashboard/backend/pkg/handlers/drafts_handler.go:212.2,214.4 1 1
github.com/Gkrumbach07/openshell-dashboard/backend/pkg/handlers/drafts_handler.go:219.81,221.16 2 1
github.com/Gkrumbach07/openshell-dashboard/backend/pkg/handlers/drafts_handler.go:221.16,224.3 2 0
github.com/Gkrumbach07/openshell-dashboard/backend/pkg/handlers/drafts_handler.go:225.2,225.75 1 1
github.com/Gkrumbach07/openshell-dashboard/backend/pkg/handlers/files_handler.go:20.38,21.73 1 21
github.com/Gkrumbach07/openshell-dashboard/backend/pkg/handlers/files_handler.go:21.73,23.3 1 4
github.com/Gkrumbach07/openshell-dashboard/backend/pkg/handlers/files_handler.go:24.2,25.32 2 17
github.com/Gkrumbach07/openshell-dashboard/backend/pkg/handlers/files_handler.go:46.17,54.2 1 6
github.com/Gkrumbach07/openshell-dashboard/backend/pkg/handlers/files_handler.go:56.98,58.18 2 6
github.com/Gkrumbach07/openshell-dashboard/backend/pkg/handlers/files_handler.go:58.18,60.3 1 6
github.com/Gkrumbach07/openshell-dashboard/backend/pkg/handlers/files_handler.go:61.2,61.72 1 6
github.com/Gkrumbach07/openshell-dashboard/backend/pkg/handlers/files_handler.go:64.90,65.60 1 4
github.com/Gkrumbach07/openshell-dashboard/backend/pkg/handlers/files_handler.go:65.60,68.3 2 0
github.com/Gkrumbach07/openshell-dashboard/backend/pkg/handlers/files_handler.go:69.2,70.16 2 4
github.com/Gkrumbach07/openshell-dashboard/backend/pkg/handlers/files_handler.go:70.16,72.3 1 4
github.com/Gkrumbach07/openshell-dashboard/backend/pkg/handlers/files_handler.go:73.2,73.29 1 4
github.com/Gkrumbach07/openshell-dashboard/backend/pkg/handlers/files_handler.go:73.29,76.3 2 0
github.com/Gkrumbach07/openshell-dashboard/backend/pkg/handlers/files_handler.go:77.2,78.33 2 4
github.com/Gkrumbach07/openshell-dashboard/backend/pkg/handlers/files_handler.go:78.33,81.3 2 0
github.com/Gkrumbach07/openshell-dashboard/backend/pkg/handlers/files_handler.go:82.2,82.23 1 4
github.com/Gkrumbach07/openshell-dashboard/backend/pkg/handlers/files_handler.go:85.75,90.18 4 4
github.com/Gkrumbach07/openshell-dashboard/backend/pkg/handlers/files_handler.go:90.18,92.3 1 4
github.com/Gkrumbach07/openshell-dashboard/backend/pkg/handlers/files_handler.go:93.2,94.64 2 4
github.com/Gkrumbach07/openshell-dashboard/backend/pkg/handlers/files_handler.go:94.64,97.3 2 0
github.com/Gkrumbach07/openshell-dashboard/backend/pkg/handlers/files_handler.go:98.2,99.16 2 4
github.com/Gkrumbach07/openshell-dashboard/backend/pkg/handlers/files_handler.go:99.16,102.3 2 0
github.com/Gkrumbach07/openshell-dashboard/backend/pkg/handlers/files_handler.go:103.2,106.9 3 4
github.com/Gkrumbach07/openshell-dashboard/backend/pkg/handlers/files_handler.go:106.9,108.3 1 0
github.com/Gkrumbach07/openshell-dashboard/backend/pkg/handlers/files_handler.go:110.2,111.16 2 4
github.com/Gkrumbach07/openshell-dashboard/backend/pkg/handlers/files_handler.go:111.16,114.3 2 0
github.com/Gkrumbach07/openshell-dashboard/backend/pkg/handlers/files_handler.go:121.2,124.65 3 4
github.com/Gkrumbach07/openshell-dashboard/backend/pkg/handlers/files_handler.go:124.65,127.3 2 1
github.com/Gkrumbach07/openshell-dashboard/backend/pkg/handlers/files_handler.go:129.2,130.20 2 3
github.com/Gkrumbach07/openshell-dashboard/backend/pkg/handlers/files_handler.go:130.20,133.3 2 1
github.com/Gkrumbach07/openshell-dashboard/backend/pkg/handlers/files_handler.go:134.2,134.19 1 2
github.com/Gkrumbach07/openshell-dashboard/backend/pkg/handlers/files_handler.go:134.19,138.3 3 1
github.com/Gkrumbach07/openshell-dashboard/backend/pkg/handlers/files_handler.go:140.2,146.4 1 1
github.com/Gkrumbach07/openshell-dashboard/backend/pkg/handlers/files_handler.go:149.77,154.33 4 2
github.com/Gkrumbach07/openshell-dashboard/backend/pkg/handlers/files_handler.go:154.33,157.3 2 0
github.com/Gkrumbach07/openshell-dashboard/backend/pkg/handlers/files_handler.go:159.2,163.16 4 2
github.com/Gkrumbach07/openshell-dashboard/backend/pkg/handlers/files_handler.go:163.16,166.3 2 0
github.com/Gkrumbach07/openshell-dashboard/backend/pkg/handlers/files_handler.go:167.2,167.26 1 2
github.com/Gkrumbach07/openshell-dashboard/backend/pkg/handlers/files_handler.go:167.26,171.3 3 1
github.com/Gkrumbach07/openshell-dashboard/backend/pkg/handlers/files_handler.go:173.2,177.31 5 1
github.com/Gkrumbach07/openshell-dashboard/backend/pkg/handlers/gateway_handler.go:18.157,20.2 1 5
github.com/Gkrumbach07/openshell-dashboard/backend/pkg/handlers/gateway_handler.go:23.77,25.16 2 2
github.com/Gkrumbach07/openshell-dashboard/backend/pkg/handlers/gateway_handler.go:25.16,28.3 2 1
github.com/Gkrumbach07/openshell-dashboard/backend/pkg/handlers/gateway_handler.go:29.2,29.44 1 1
github.com/Gkrumbach07/openshell-dashboard/backend/pkg/handlers/gateway_handler.go:33.76,34.55 1 2
github.com/Gkrumbach07/openshell-dashboard/backend/pkg/handlers/gateway_handler.go:34.55,37.3 2 1
github.com/Gkrumbach07/openshell-dashboard/backend/pkg/handlers/gateway_handler.go:38.2,38.76 1 1
github.com/Gkrumbach07/openshell-dashboard/backend/pkg/handlers/gateway_handler.go:42.76,43.23 1 1
github.com/Gkrumbach07/openshell-dashboard/backend/pkg/handlers/gateway_handler.go:43.23,50.3 2 1
github.com/Gkrumbach07/openshell-dashboard/backend/pkg/handlers/gateway_handler.go:52.2,53.16 2 0
github.com/Gkrumbach07/openshell-dashboard/backend/pkg/handlers/gateway_handler.go:53.16,56.3 2 0
github.com/Gkrumbach07/openshell-dashboard/backend/pkg/handlers/gateway_handler.go:58.2,58.69 1 0
github.com/Gkrumbach07/openshell-dashboard/backend/pkg/handlers/gateway_handler.go:58.69,61.3 2 0
github.com/Gkrumbach07/openshell-dashboard/backend/pkg/handlers/gateway_handler.go:63.2,63.32 1 0
github.com/Gkrumbach07/openshell-dashboard/backend/pkg/handlers/logs_handler.go:19.72,21.2 1 5
github.com/Gkrumbach07/openshell-dashboard/backend/pkg/handlers/logs_handler.go:28.78,36.42 6 3
github.com/Gkrumbach07/openshell-dashboard/backend/pkg/handlers/logs_handler.go:36.42,37.74 1 2
github.com/Gkrumbach07/openshell-dashboard/backend/pkg/handlers/logs_handler.go:37.74,39.4 1 1
github.com/Gkrumbach07/openshell-dashboard/backend/pkg/handlers/logs_handler.go:41.2,43.44 2 3
github.com/Gkrumbach07/openshell-dashboard/backend/pkg/handlers/logs_handler.go:43.44,44.69 1 1
github.com/Gkrumbach07/openshell-dashboard/backend/pkg/handlers/logs_handler.go:44.69,46.4 1 1
github.com/Gkrumbach07/openshell-dashboard/backend/pkg/handlers/logs_handler.go:48.2,48.50 1 3
github.com/Gkrumbach07/openshell-dashboard/backend/pkg/handlers/logs_handler.go:48.50,50.3 1 1
github.com/Gkrumbach07/openshell-dashboard/backend/pkg/handlers/logs_handler.go:51.2,51.46 1 3
github.com/Gkrumbach07/openshell-dashboard/backend/pkg/handlers/logs_handler.go:51.46,53.3 1 1
github.com/Gkrumbach07/openshell-dashboard/backend/pkg/handlers/logs_handler.go:55.2,56.16 2 3
github.com/Gkrumbach07/openshell-dashboard/backend/pkg/handlers/logs_handler.go:56.16,59.3 2 1
github.com/Gkrumbach07/openshell-dashboard/backend/pkg/handlers/logs_handler.go:60.2,60.73 1 2
github.com/Gkrumbach07/openshell-dashboard/backend/pkg/handlers/logs_handler.go:64.84,66.16 2 1
github.com/Gkrumbach07/openshell-dashboard/backend/pkg/handlers/logs_handler.go:66.16,69.3 2 0
github.com/Gkrumbach07/openshell-dashboard/backend/pkg/handlers/logs_handler.go:70.2,71.37 2 1
github.com/Gkrumbach07/openshell-dashboard/backend/pkg/handlers/logs_handler.go:71.37,73.3 1 1
github.com/Gkrumbach07/openshell-dashboard/backend/pkg/handlers/logs_handler.go:74.2,74.43 1 1
github.com/Gkrumbach07/openshell-dashboard/backend/pkg/handlers/logs_handler.go:84.85,86.62 2 1
github.com/Gkrumbach07/openshell-dashboard/backend/pkg/handlers/logs_handler.go:86.62,88.3 1 0
github.com/Gkrumbach07/openshell-dashboard/backend/pkg/handlers/logs_handler.go:89.2,96.16 2 1
github.com/Gkrumbach07/openshell-dashboard/backend/pkg/handlers/logs_handler.go:96.16,99.3 2 0
github.com/Gkrumbach07/openshell-dashboard/backend/pkg/handlers/logs_handler.go:100.2,101.27 2 1
github.com/Gkrumbach07/openshell-dashboard/backend/pkg/handlers/logs_handler.go:101.27,103.3 1 1
github.com/Gkrumbach07/openshell-dashboard/backend/pkg/handlers/logs_handler.go:104.2,104.43 1 1
github.com/Gkrumbach07/openshell-dashboard/backend/pkg/handlers/logs_handler.go:108.85,110.62 2 1
github.com/Gkrumbach07/openshell-dashboard/backend/pkg/handlers/logs_handler.go:110.62,112.3 1 0
github.com/Gkrumbach07/openshell-dashboard/backend/pkg/handlers/logs_handler.go:113.2,120.16 2 1
github.com/Gkrumbach07/openshell-dashboard/backend/pkg/handlers/logs_handler.go:120.16,123.3 2 0
github.com/Gkrumbach07/openshell-dashboard/backend/pkg/handlers/logs_handler.go:124.2,125.27 2 1
github.com/Gkrumbach07/openshell-dashboard/backend/pkg/handlers/logs_handler.go:125.27,127.3 1 1
github.com/Gkrumbach07/openshell-dashboard/backend/pkg/handlers/logs_handler.go:128.2,128.43 1 1
github.com/Gkrumbach07/openshell-dashboard/backend/pkg/handlers/policies_handler.go:32.20,37.2 1 8
github.com/Gkrumbach07/openshell-dashboard/backend/pkg/handlers/policies_handler.go:42.84,48.16 5 3
github.com/Gkrumbach07/openshell-dashboard/backend/pkg/handlers/policies_handler.go:48.16,51.3 2 1
github.com/Gkrumbach07/openshell-dashboard/backend/pkg/handlers/policies_handler.go:53.2,61.11 5 2
github.com/Gkrumbach07/openshell-dashboard/backend/pkg/handlers/policies_handler.go:61.11,64.34 3 2
github.com/Gkrumbach07/openshell-dashboard/backend/pkg/handlers/policies_handler.go:64.34,66.22 2 3
github.com/Gkrumbach07/openshell-dashboard/backend/pkg/handlers/policies_handler.go:66.22,69.22 3 3
github.com/Gkrumbach07/openshell-dashboard/backend/pkg/handlers/policies_handler.go:69.22,73.6 2 1
github.com/Gkrumbach07/openshell-dashboard/backend/pkg/handlers/policies_handler.go:74.5,74.72 1 2
github.com/Gkrumbach07/openshell-dashboard/backend/pkg/handlers/policies_handler.go:77.3,78.34 2 2
github.com/Gkrumbach07/openshell-dashboard/backend/pkg/handlers/policies_handler.go:78.34,79.24 1 3
github.com/Gkrumbach07/openshell-dashboard/backend/pkg/handlers/policies_handler.go:79.24,81.5 1 2
github.com/Gkrumbach07/openshell-dashboard/backend/pkg/handlers/policies_handler.go:84.2,84.12 1 2
github.com/Gkrumbach07/openshell-dashboard/backend/pkg/handlers/policies_handler.go:84.12,86.3 1 2
github.com/Gkrumbach07/openshell-dashboard/backend/pkg/handlers/policies_handler.go:87.2,87.44 1 2
github.com/Gkrumbach07/openshell-dashboard/backend/pkg/handlers/policies_handler.go:91.87,93.39 2 3
github.com/Gkrumbach07/openshell-dashboard/backend/pkg/handlers/policies_handler.go:93.39,95.3 1 1
github.com/Gkrumbach07/openshell-dashboard/backend/pkg/handlers/policies_handler.go:96.2,96.27 1 2
github.com/Gkrumbach07/openshell-dashboard/backend/pkg/handlers/policies_handler.go:96.27,99.3 2 1
github.com/Gkrumbach07/openshell-dashboard/backend/pkg/handlers/policies_handler.go:100.2,101.16 2 1
github.com/Gkrumbach07/openshell-dashboard/backend/pkg/handlers/policies_handler.go:101.16,105.3 3 0
github.com/Gkrumbach07/openshell-dashboard/backend/pkg/handlers/policies_handler.go:106.2,111.16 2 1
github.com/Gkrumbach07/openshell-dashboard/backend/pkg/handlers/policies_handler.go:111.16,114.3 2 0
github.com/Gkrumbach07/openshell-dashboard/backend/pkg/handlers/policies_handler.go:115.2,118.4 1 1
github.com/Gkrumbach07/openshell-dashboard/backend/pkg/handlers/policies_handler.go:122.83,124.16 2 0
github.com/Gkrumbach07/openshell-dashboard/backend/pkg/handlers/policies_handler.go:124.16,127.3 2 0
github.com/Gkrumbach07/openshell-dashboard/backend/pkg/handlers/policies_handler.go:128.2,129.27 2 0
github.com/Gkrumbach07/openshell-dashboard/backend/pkg/handlers/policies_handler.go:129.27,131.3 1 0
github.com/Gkrumbach07/openshell-dashboard/backend/pkg/handlers/policies_handler.go:132.2,132.29 1 0
github.com/Gkrumbach07/openshell-dashboard/backend/pkg/handlers/policies_handler.go:132.29,135.3 2 0
github.com/Gkrumbach07/openshell-dashboard/backend/pkg/handlers/policies_handler.go:136.2,136.44 1 0
github.com/Gkrumbach07/openshell-dashboard/backend/pkg/handlers/policies_handler.go:141.83,143.39 2 1
github.com/Gkrumbach07/openshell-dashboard/backend/pkg/handlers/policies_handler.go:143.39,145.3 1 0
github.com/Gkrumbach07/openshell-dashboard/backend/pkg/handlers/policies_handler.go:146.2,146.27 1 1
github.com/Gkrumbach07/openshell-dashboard/backend/pkg/handlers/policies_handler.go:146.27,149.3 2 0
github.com/Gkrumbach07/openshell-dashboard/backend/pkg/handlers/policies_handler.go:150.2,151.16 2 1
github.com/Gkrumbach07/openshell-dashboard/backend/pkg/handlers/policies_handler.go:151.16,155.3 3 0
github.com/Gkrumbach07/openshell-dashboard/backend/pkg/handlers/policies_handler.go:156.2,160.16 2 1
github.com/Gkrumbach07/openshell-dashboard/backend/pkg/handlers/policies_handler.go:160.16,163.3 2 0
github.com/Gkrumbach07/openshell-dashboard/backend/pkg/handlers/policies_handler.go:164.2,167.4 1 1
github.com/Gkrumbach07/openshell-dashboard/backend/pkg/handlers/policies_handler.go:172.86,177.17 1 1
github.com/Gkrumbach07/openshell-dashboard/backend/pkg/handlers/policies_handler.go:177.17,180.3 2 0
github.com/Gkrumbach07/openshell-dashboard/backend/pkg/handlers/policies_handler.go:181.2,181.72 1 1
github.com/Gkrumbach07/openshell-dashboard/backend/pkg/handlers/providers_handler.go:71.83,73.2 1 32
github.com/Gkrumbach07/openshell-dashboard/backend/pkg/handlers/providers_handler.go:75.82,77.16 2 2
github.com/Gkrumbach07/openshell-dashboard/backend/pkg/handlers/providers_handler.go:77.16,80.3 2 1
github.com/Gkrumbach07/openshell-dashboard/backend/pkg/handlers/providers_handler.go:81.2,82.37 2 1
github.com/Gkrumbach07/openshell-dashboard/backend/pkg/handlers/providers_handler.go:82.37,84.3 1 1
github.com/Gkrumbach07/openshell-dashboard/backend/pkg/handlers/providers_handler.go:85.2,85.43 1 1
github.com/Gkrumbach07/openshell-dashboard/backend/pkg/handlers/providers_handler.go:88.83,90.39 2 5
github.com/Gkrumbach07/openshell-dashboard/backend/pkg/handlers/providers_handler.go:90.39,92.3 1 1
github.com/Gkrumbach07/openshell-dashboard/backend/pkg/handlers/providers_handler.go:93.2,93.40 1 4
github.com/Gkrumbach07/openshell-dashboard/backend/pkg/handlers/providers_handler.go:93.40,96.3 2 2
github.com/Gkrumbach07/openshell-dashboard/backend/pkg/handlers/providers_handler.go:97.2,107.16 3 2
github.com/Gkrumbach07/openshell-dashboard/backend/pkg/handlers/providers_handler.go:107.16,110.3 2 1
github.com/Gkrumbach07/openshell-dashboard/backend/pkg/handlers/providers_handler.go:111.2,111.76 1 1
github.com/Gkrumbach07/openshell-dashboard/backend/pkg/handlers/providers_handler.go:114.80,116.16 2 3
github.com/Gkrumbach07/openshell-dashboard/backend/pkg/handlers/providers_handler.go:116.16,119.3 2 1
github.com/Gkrumbach07/openshell-dashboard/backend/pkg/handlers/providers_handler.go:120.2,120.72 1 2
github.com/Gkrumbach07/openshell-dashboard/backend/pkg/handlers/providers_handler.go:123.83,125.16 2 1
github.com/Gkrumbach07/openshell-dashboard/backend/pkg/handlers/providers_handler.go:125.16,128.3 2 0
github.com/Gkrumbach07/openshell-dashboard/backend/pkg/handlers/providers_handler.go:130.2,130.67 1 1
github.com/Gkrumbach07/openshell-dashboard/backend/pkg/handlers/providers_handler.go:133.83,135.39 2 1
github.com/Gkrumbach07/openshell-dashboard/backend/pkg/handlers/providers_handler.go:135.39,137.3 1 0
github.com/Gkrumbach07/openshell-dashboard/backend/pkg/handlers/providers_handler.go:138.2,142.16 4 1
github.com/Gkrumbach07/openshell-dashboard/backend/pkg/handlers/providers_handler.go:142.16,145.3 2 0
github.com/Gkrumbach07/openshell-dashboard/backend/pkg/handlers/providers_handler.go:147.2,147.29 1 1
github.com/Gkrumbach07/openshell-dashboard/backend/pkg/handlers/providers_handler.go:147.29,149.3 1 0
github.com/Gkrumbach07/openshell-dashboard/backend/pkg/handlers/providers_handler.go:150.2,150.24 1 1
github.com/Gkrumbach07/openshell-dashboard/backend/pkg/handlers/providers_handler.go:150.24,152.3 1 1
github.com/Gkrumbach07/openshell-dashboard/backend/pkg/handlers/providers_handler.go:153.2,153.39 1 1
github.com/Gkrumbach07/openshell-dashboard/backend/pkg/handlers/providers_handler.go:153.39,155.49 2 0
github.com/Gkrumbach07/openshell-dashboard/backend/pkg/handlers/providers_handler.go:155.49,157.4 1 0
github.com/Gkrumbach07/openshell-dashboard/backend/pkg/handlers/providers_handler.go:158.3,158.46 1 0
github.com/Gkrumbach07/openshell-dashboard/backend/pkg/handlers/providers_handler.go:161.2,162.16 2 1
github.com/Gkrumbach07/openshell-dashboard/backend/pkg/handlers/providers_handler.go:162.16,165.3 2 0
github.com/Gkrumbach07/openshell-dashboard/backend/pkg/handlers/providers_handler.go:166.2,166.71 1 1
github.com/Gkrumbach07/openshell-dashboard/backend/pkg/handlers/providers_handler.go:169.93,171.16 2 1
github.com/Gkrumbach07/openshell-dashboard/backend/pkg/handlers/providers_handler.go:171.16,174.3 2 0
github.com/Gkrumbach07/openshell-dashboard/backend/pkg/handlers/providers_handler.go:175.2,176.29 2 1
github.com/Gkrumbach07/openshell-dashboard/backend/pkg/handlers/providers_handler.go:176.29,178.3 1 1
github.com/Gkrumbach07/openshell-dashboard/backend/pkg/handlers/providers_handler.go:179.2,179.43 1 1
github.com/Gkrumbach07/openshell-dashboard/backend/pkg/handlers/providers_handler.go:182.93,184.39 2 4
github.com/Gkrumbach07/openshell-dashboard/backend/pkg/handlers/providers_handler.go:184.39,186.3 1 0
github.com/Gkrumbach07/openshell-dashboard/backend/pkg/handlers/providers_handler.go:187.2,187.53 1 4
github.com/Gkrumbach07/openshell-dashboard/backend/pkg/handlers/providers_handler.go:187.53,190.3 2 1
github.com/Gkrumbach07/openshell-dashboard/backend/pkg/handlers/providers_handler.go:191.2,192.9 2 3
github.com/Gkrumbach07/openshell-dashboard/backend/pkg/handlers/providers_handler.go:192.9,195.3 2 1
github.com/Gkrumbach07/openshell-dashboard/backend/pkg/handlers/providers_handler.go:196.2,203.29 2 2
github.com/Gkrumbach07/openshell-dashboard/backend/pkg/handlers/providers_handler.go:203.29,206.3 2 0
github.com/Gkrumbach07/openshell-dashboard/backend/pkg/handlers/providers_handler.go:207.2,208.16 2 2
github.com/Gkrumbach07/openshell-dashboard/backend/pkg/handlers/providers_handler.go:208.16,211.3 2 0
github.com/Gkrumbach07/openshell-dashboard/backend/pkg/handlers/providers_handler.go:212.2,212.75 1 2
github.com/Gkrumbach07/openshell-dashboard/backend/pkg/handlers/providers_handler.go:219.93,221.39 2 2
github.com/Gkrumbach07/openshell-dashboard/backend/pkg/handlers/providers_handler.go:221.39,223.3 1 0
github.com/Gkrumbach07/openshell-dashboard/backend/pkg/handlers/providers_handler.go:224.2,224.30 1 2
github.com/Gkrumbach07/openshell-dashboard/backend/pkg/handlers/providers_handler.go:224.30,227.3 2 1
github.com/Gkrumbach07/openshell-dashboard/backend/pkg/handlers/providers_handler.go:228.2,234.16 2 1
github.com/Gkrumbach07/openshell-dashboard/backend/pkg/handlers/providers_handler.go:234.16,237.3 2 0
github.com/Gkrumbach07/openshell-dashboard/backend/pkg/handlers/providers_handler.go:238.2,238.75 1 1
github.com/Gkrumbach07/openshell-dashboard/backend/pkg/handlers/providers_handler.go:241.90,243.25 2 2
github.com/Gkrumbach07/openshell-dashboard/backend/pkg/handlers/providers_handler.go:243.25,246.3 2 1
github.com/Gkrumbach07/openshell-dashboard/backend/pkg/handlers/providers_handler.go:247.2,253.16 2 1
github.com/Gkrumbach07/openshell-dashboard/backend/pkg/handlers/providers_handler.go:253.16,256.3 2 0
github.com/Gkrumbach07/openshell-dashboard/backend/pkg/handlers/providers_handler.go:257.2,257.67 1 1
github.com/Gkrumbach07/openshell-dashboard/backend/pkg/handlers/providers_handler.go:262.89,264.16 2 1
github.com/Gkrumbach07/openshell-dashboard/backend/pkg/handlers/providers_handler.go:264.16,267.3 2 0
github.com/Gkrumbach07/openshell-dashboard/backend/pkg/handlers/providers_handler.go:268.2,269.35 2 1
github.com/Gkrumbach07/openshell-dashboard/backend/pkg/handlers/providers_handler.go:269.35,271.3 1 1
github.com/Gkrumbach07/openshell-dashboard/backend/pkg/handlers/providers_handler.go:272.2,272.43 1 1
github.com/Gkrumbach07/openshell-dashboard/backend/pkg/handlers/providers_handler.go:275.87,277.16 2 3
github.com/Gkrumbach07/openshell-dashboard/backend/pkg/handlers/providers_handler.go:277.16,280.3 2 1
github.com/Gkrumbach07/openshell-dashboard/backend/pkg/handlers/providers_handler.go:281.2,281.78 1 2
github.com/Gkrumbach07/openshell-dashboard/backend/pkg/handlers/providers_handler.go:284.81,286.37 2 4
github.com/Gkrumbach07/openshell-dashboard/backend/pkg/handlers/providers_handler.go:286.37,294.3 1 1
github.com/Gkrumbach07/openshell-dashboard/backend/pkg/handlers/providers_handler.go:295.2,296.35 2 4
github.com/Gkrumbach07/openshell-dashboard/backend/pkg/handlers/providers_handler.go:296.35,301.3 1 0
github.com/Gkrumbach07/openshell-dashboard/backend/pkg/handlers/providers_handler.go:302.2,313.3 1 4
github.com/Gkrumbach07/openshell-dashboard/backend/pkg/handlers/providers_handler.go:316.91,318.39 2 6
github.com/Gkrumbach07/openshell-dashboard/backend/pkg/handlers/providers_handler.go:318.39,320.3 1 1
github.com/Gkrumbach07/openshell-dashboard/backend/pkg/handlers/providers_handler.go:321.2,321.29 1 5
github.com/Gkrumbach07/openshell-dashboard/backend/pkg/handlers/providers_handler.go:321.29,324.3 2 1
github.com/Gkrumbach07/openshell-dashboard/backend/pkg/handlers/providers_handler.go:325.2,326.34 2 4
github.com/Gkrumbach07/openshell-dashboard/backend/pkg/handlers/providers_handler.go:326.34,327.40 1 4
github.com/Gkrumbach07/openshell-dashboard/backend/pkg/handlers/providers_handler.go:327.40,330.4 2 2
github.com/Gkrumbach07/openshell-dashboard/backend/pkg/handlers/providers_handler.go:331.3,331.51 1 2
github.com/Gkrumbach07/openshell-dashboard/backend/pkg/handlers/providers_handler.go:333.2,334.16 2 2
github.com/Gkrumbach07/openshell-dashboard/backend/pkg/handlers/providers_handler.go:334.16,337.3 2 0
github.com/Gkrumbach07/openshell-dashboard/backend/pkg/handlers/providers_handler.go:338.2,339.31 2 2
github.com/Gkrumbach07/openshell-dashboard/backend/pkg/handlers/providers_handler.go:339.31,341.3 1 2
github.com/Gkrumbach07/openshell-dashboard/backend/pkg/handlers/providers_handler.go:342.2,346.4 1 2
github.com/Gkrumbach07/openshell-dashboard/backend/pkg/handlers/providers_handler.go:354.90,356.39 2 2
github.com/Gkrumbach07/openshell-dashboard/backend/pkg/handlers/providers_handler.go:356.39,358.3 1 0
github.com/Gkrumbach07/openshell-dashboard/backend/pkg/handlers/providers_handler.go:359.2,360.59 2 2
github.com/Gkrumbach07/openshell-dashboard/backend/pkg/handlers/providers_handler.go:360.59,363.3 2 1
github.com/Gkrumbach07/openshell-dashboard/backend/pkg/handlers/providers_handler.go:364.2,372.16 3 1
github.com/Gkrumbach07/openshell-dashboard/backend/pkg/handlers/providers_handler.go:372.16,375.3 2 0
github.com/Gkrumbach07/openshell-dashboard/backend/pkg/handlers/providers_handler.go:376.2,377.25 2 1
github.com/Gkrumbach07/openshell-dashboard/backend/pkg/handlers/providers_handler.go:377.25,380.3 2 1
github.com/Gkrumbach07/openshell-dashboard/backend/pkg/handlers/providers_handler.go:381.2,385.4 1 1
github.com/Gkrumbach07/openshell-dashboard/backend/pkg/handlers/providers_handler.go:388.90,390.16 2 1
github.com/Gkrumbach07/openshell-dashboard/backend/pkg/handlers/providers_handler.go:390.16,393.3 2 0
github.com/Gkrumbach07/openshell-dashboard/backend/pkg/handlers/providers_handler.go:394.2,394.67 1 1
github.com/Gkrumbach07/openshell-dashboard/backend/pkg/handlers/providers_handler.go:401.89,403.39 2 1
github.com/Gkrumbach07/openshell-dashboard/backend/pkg/handlers/providers_handler.go:403.39,405.3 1 0
github.com/Gkrumbach07/openshell-dashboard/backend/pkg/handlers/providers_handler.go:406.2,407.34 2 1
github.com/Gkrumbach07/openshell-dashboard/backend/pkg/handlers/providers_handler.go:407.34,409.3 1 1
github.com/Gkrumbach07/openshell-dashboard/backend/pkg/handlers/providers_handler.go:410.2,411.16 2 1
github.com/Gkrumbach07/openshell-dashboard/backend/pkg/handlers/providers_handler.go:411.16,414.3 2 0
github.com/Gkrumbach07/openshell-dashboard/backend/pkg/handlers/providers_handler.go:415.2,418.4 1 1
github.com/Gkrumbach07/openshell-dashboard/backend/pkg/handlers/sandboxes_handler.go:18.78,22.2 1 21
github.com/Gkrumbach07/openshell-dashboard/backend/pkg/handlers/sandboxes_handler.go:24.80,26.58 2 4
github.com/Gkrumbach07/openshell-dashboard/backend/pkg/handlers/sandboxes_handler.go:26.58,28.3 1 0
github.com/Gkrumbach07/openshell-dashboard/backend/pkg/handlers/sandboxes_handler.go:29.2,30.16 2 4
github.com/Gkrumbach07/openshell-dashboard/backend/pkg/handlers/sandboxes_handler.go:30.16,33.3 2 1
github.com/Gkrumbach07/openshell-dashboard/backend/pkg/handlers/sandboxes_handler.go:34.2,35.36 2 3
github.com/Gkrumbach07/openshell-dashboard/backend/pkg/handlers/sandboxes_handler.go:35.36,37.3 1 2
github.com/Gkrumbach07/openshell-dashboard/backend/pkg/handlers/sandboxes_handler.go:38.2,38.43 1 3
github.com/Gkrumbach07/openshell-dashboard/backend/pkg/handlers/sandboxes_handler.go:41.80,43.39 2 7
github.com/Gkrumbach07/openshell-dashboard/backend/pkg/handlers/sandboxes_handler.go:43.39,45.3 1 1
github.com/Gkrumbach07/openshell-dashboard/backend/pkg/handlers/sandboxes_handler.go:46.2,46.58 1 6
github.com/Gkrumbach07/openshell-dashboard/backend/pkg/handlers/sandboxes_handler.go:46.58,49.3 2 2
github.com/Gkrumbach07/openshell-dashboard/backend/pkg/handlers/sandboxes_handler.go:50.2,50.22 1 4
github.com/Gkrumbach07/openshell-dashboard/backend/pkg/handlers/sandboxes_handler.go:50.22,53.3 2 1
github.com/Gkrumbach07/openshell-dashboard/backend/pkg/handlers/sandboxes_handler.go:54.2,54.27 1 3
github.com/Gkrumbach07/openshell-dashboard/backend/pkg/handlers/sandboxes_handler.go:54.27,57.3 2 1
github.com/Gkrumbach07/openshell-dashboard/backend/pkg/handlers/sandboxes_handler.go:58.2,59.16 2 2
github.com/Gkrumbach07/openshell-dashboard/backend/pkg/handlers/sandboxes_handler.go:59.16,63.3 3 0
github.com/Gkrumbach07/openshell-dashboard/backend/pkg/handlers/sandboxes_handler.go:65.2,66.31 2 2
github.com/Gkrumbach07/openshell-dashboard/backend/pkg/handlers/sandboxes_handler.go:66.31,68.3 1 0
github.com/Gkrumbach07/openshell-dashboard/backend/pkg/handlers/sandboxes_handler.go:70.2,71.16 2 2
github.com/Gkrumbach07/openshell-dashboard/backend/pkg/handlers/sandboxes_handler.go:71.16,74.3 2 1
github.com/Gkrumbach07/openshell-dashboard/backend/pkg/handlers/sandboxes_handler.go:75.2,75.75 1 1
github.com/Gkrumbach07/openshell-dashboard/backend/pkg/handlers/sandboxes_handler.go:78.77,80.16 2 2
github.com/Gkrumbach07/openshell-dashboard/backend/pkg/handlers/sandboxes_handler.go:80.16,83.3 2 1
github.com/Gkrumbach07/openshell-dashboard/backend/pkg/handlers/sandboxes_handler.go:84.2,84.70 1 1
github.com/Gkrumbach07/openshell-dashboard/backend/pkg/handlers/sandboxes_handler.go:90.78,92.16 2 3
github.com/Gkrumbach07/openshell-dashboard/backend/pkg/handlers/sandboxes_handler.go:92.16,95.3 2 2
github.com/Gkrumbach07/openshell-dashboard/backend/pkg/handlers/sandboxes_handler.go:96.2,96.70 1 1
github.com/Gkrumbach07/openshell-dashboard/backend/pkg/handlers/sandboxes_handler.go:101.79,103.16 2 2
github.com/Gkrumbach07/openshell-dashboard/backend/pkg/handlers/sandboxes_handler.go:103.16,106.3 2 1
github.com/Gkrumbach07/openshell-dashboard/backend/pkg/handlers/sandboxes_handler.go:107.2,107.70 1 1
github.com/Gkrumbach07/openshell-dashboard/backend/pkg/handlers/sandboxes_handler.go:110.80,112.16 2 3
github.com/Gkrumbach07/openshell-dashboard/backend/pkg/handlers/sandboxes_handler.go:112.16,115.3 2 2
github.com/Gkrumbach07/openshell-dashboard/backend/pkg/handlers/sandboxes_handler.go:119.2,119.67 1 1
github.com/Gkrumbach07/openshell-dashboard/backend/pkg/handlers/services_handler.go:21.80,25.2 1 5
github.com/Gkrumbach07/openshell-dashboard/backend/pkg/handlers/services_handler.go:27.80,29.16 2 1
github.com/Gkrumbach07/openshell-dashboard/backend/pkg/handlers/services_handler.go:29.16,32.3 2 0
github.com/Gkrumbach07/openshell-dashboard/backend/pkg/handlers/services_handler.go:33.2,34.39 2 1
github.com/Gkrumbach07/openshell-dashboard/backend/pkg/handlers/services_handler.go:34.39,36.3 1 1
github.com/Gkrumbach07/openshell-dashboard/backend/pkg/handlers/services_handler.go:37.2,37.43 1 1
github.com/Gkrumbach07/openshell-dashboard/backend/pkg/handlers/services_handler.go:40.81,42.39 2 3
github.com/Gkrumbach07/openshell-dashboard/backend/pkg/handlers/services_handler.go:42.39,44.3 1 0
github.com/Gkrumbach07/openshell-dashboard/backend/pkg/handlers/services_handler.go:45.2,45.24 1 3
github.com/Gkrumbach07/openshell-dashboard/backend/pkg/handlers/services_handler.go:45.24,48.3 2 1
github.com/Gkrumbach07/openshell-dashboard/backend/pkg/handlers/services_handler.go:49.2,49.26 1 2
github.com/Gkrumbach07/openshell-dashboard/backend/pkg/handlers/services_handler.go:49.26,52.3 2 1
github.com/Gkrumbach07/openshell-dashboard/backend/pkg/handlers/services_handler.go:53.2,54.16 2 1
github.com/Gkrumbach07/openshell-dashboard/backend/pkg/handlers/services_handler.go:54.16,57.3 2 0
github.com/Gkrumbach07/openshell-dashboard/backend/pkg/handlers/services_handler.go:58.2,58.79 1 1
github.com/Gkrumbach07/openshell-dashboard/backend/pkg/handlers/services_handler.go:61.81,63.16 2 1
github.com/Gkrumbach07/openshell-dashboard/backend/pkg/handlers/services_handler.go:63.16,66.3 2 0
github.com/Gkrumbach07/openshell-dashboard/backend/pkg/handlers/services_handler.go:67.2,67.67 1 1
github.com/Gkrumbach07/openshell-dashboard/backend/pkg/handlers/settings_handler.go:17.79,21.2 1 5
github.com/Gkrumbach07/openshell-dashboard/backend/pkg/handlers/settings_handler.go:23.85,25.16 2 1
github.com/Gkrumbach07/openshell-dashboard/backend/pkg/handlers/settings_handler.go:25.16,28.3 2 0
github.com/Gkrumbach07/openshell-dashboard/backend/pkg/handlers/settings_handler.go:29.2,29.77 1 1
github.com/Gkrumbach07/openshell-dashboard/backend/pkg/handlers/settings_handler.go:37.84,39.39 2 2
github.com/Gkrumbach07/openshell-dashboard/backend/pkg/handlers/settings_handler.go:39.39,41.3 1 0
github.com/Gkrumbach07/openshell-dashboard/backend/pkg/handlers/settings_handler.go:42.2,42.20 1 2
github.com/Gkrumbach07/openshell-dashboard/backend/pkg/handlers/settings_handler.go:42.20,45.3 2 1
github.com/Gkrumbach07/openshell-dashboard/backend/pkg/handlers/settings_handler.go:46.2,50.17 1 1
github.com/Gkrumbach07/openshell-dashboard/backend/pkg/handlers/settings_handler.go:50.17,53.3 2 0
github.com/Gkrumbach07/openshell-dashboard/backend/pkg/handlers/settings_handler.go:54.2,54.72 1 1
github.com/Gkrumbach07/openshell-dashboard/backend/pkg/handlers/settings_handler.go:57.87,59.15 2 2
github.com/Gkrumbach07/openshell-dashboard/backend/pkg/handlers/settings_handler.go:59.15,62.3 2 1
github.com/Gkrumbach07/openshell-dashboard/backend/pkg/handlers/settings_handler.go:63.2,67.17 1 1
github.com/Gkrumbach07/openshell-dashboard/backend/pkg/handlers/settings_handler.go:67.17,70.3 2 0
github.com/Gkrumbach07/openshell-dashboard/backend/pkg/handlers/settings_handler.go:71.2,71.72 1 1
github.com/Gkrumbach07/openshell-dashboard/backend/pkg/handlers/templates_handler.go:18.83,22.2 1 11
github.com/Gkrumbach07/openshell-dashboard/backend/pkg/handlers/templates_handler.go:25.89,27.58 2 1
github.com/Gkrumbach07/openshell-dashboard/backend/pkg/handlers/templates_handler.go:27.58,29.3 1 0
github.com/Gkrumbach07/openshell-dashboard/backend/pkg/handlers/templates_handler.go:30.2,31.16 2 1
github.com/Gkrumbach07/openshell-dashboard/backend/pkg/handlers/templates_handler.go:31.16,34.3 2 0
github.com/Gkrumbach07/openshell-dashboard/backend/pkg/handlers/templates_handler.go:35.2,36.30 2 1
github.com/Gkrumbach07/openshell-dashboard/backend/pkg/handlers/templates_handler.go:36.30,38.3 1 1
github.com/Gkrumbach07/openshell-dashboard/backend/pkg/handlers/templates_handler.go:39.2,39.43 1 1
github.com/Gkrumbach07/openshell-dashboard/backend/pkg/handlers/templates_handler.go:43.90,45.39 2 5
github.com/Gkrumbach07/openshell-dashboard/backend/pkg/handlers/templates_handler.go:45.39,47.3 1 0
github.com/Gkrumbach07/openshell-dashboard/backend/pkg/handlers/templates_handler.go:48.2,48.39 1 5
github.com/Gkrumbach07/openshell-dashboard/backend/pkg/handlers/templates_handler.go:48.39,51.3 2 1
github.com/Gkrumbach07/openshell-dashboard/backend/pkg/handlers/templates_handler.go:52.2,52.65 1 4
github.com/Gkrumbach07/openshell-dashboard/backend/pkg/handlers/templates_handler.go:52.65,55.3 2 2
github.com/Gkrumbach07/openshell-dashboard/backend/pkg/handlers/templates_handler.go:56.2,57.16 2 2
github.com/Gkrumbach07/openshell-dashboard/backend/pkg/handlers/templates_handler.go:57.16,60.3 2 0
github.com/Gkrumbach07/openshell-dashboard/backend/pkg/handlers/templates_handler.go:61.2,61.84 1 2
github.com/Gkrumbach07/openshell-dashboard/backend/pkg/handlers/templates_handler.go:65.87,67.16 2 0
github.com/Gkrumbach07/openshell-dashboard/backend/pkg/handlers/templates_handler.go:67.16,70.3 2 0
github.com/Gkrumbach07/openshell-dashboard/backend/pkg/handlers/templates_handler.go:71.2,71.79 1 0
github.com/Gkrumbach07/openshell-dashboard/backend/pkg/handlers/templates_handler.go:76.90,78.16 2 1
github.com/Gkrumbach07/openshell-dashboard/backend/pkg/handlers/templates_handler.go:78.16,81.3 2 0
github.com/Gkrumbach07/openshell-dashboard/backend/pkg/handlers/templates_handler.go:82.2,82.67 1 1
github.com/Gkrumbach07/openshell-dashboard/backend/pkg/handlers/templates_handler.go:88.94,90.39 2 4
github.com/Gkrumbach07/openshell-dashboard/backend/pkg/handlers/templates_handler.go:90.39,92.3 1 0
github.com/Gkrumbach07/openshell-dashboard/backend/pkg/handlers/templates_handler.go:93.2,93.58 1 4
github.com/Gkrumbach07/openshell-dashboard/backend/pkg/handlers/templates_handler.go:93.58,96.3 2 1
github.com/Gkrumbach07/openshell-dashboard/backend/pkg/handlers/templates_handler.go:97.2,97.29 1 3
github.com/Gkrumbach07/openshell-dashboard/backend/pkg/handlers/templates_handler.go:97.29,100.3 2 1
github.com/Gkrumbach07/openshell-dashboard/backend/pkg/handlers/templates_handler.go:101.2,101.27 1 2
github.com/Gkrumbach07/openshell-dashboard/backend/pkg/handlers/templates_handler.go:101.27,104.3 2 1
github.com/Gkrumbach07/openshell-dashboard/backend/pkg/handlers/templates_handler.go:105.2,106.16 2 1
github.com/Gkrumbach07/openshell-dashboard/backend/pkg/handlers/templates_handler.go:106.16,110.3 3 0
github.com/Gkrumbach07/openshell-dashboard/backend/pkg/handlers/templates_handler.go:112.2,113.31 2 1
github.com/Gkrumbach07/openshell-dashboard/backend/pkg/handlers/templates_handler.go:113.31,115.3 1 0
github.com/Gkrumbach07/openshell-dashboard/backend/pkg/handlers/templates_handler.go:117.2,118.16 2 1
github.com/Gkrumbach07/openshell-dashboard/backend/pkg/handlers/templates_handler.go:118.16,121.3 2 0
github.com/Gkrumbach07/openshell-dashboard/backend/pkg/handlers/templates_handler.go:122.2,122.75 1 1
github.com/Gkrumbach07/openshell-dashboard/backend/pkg/handlers/terminal_handler.go:34.77,38.2 1 1
github.com/Gkrumbach07/openshell-dashboard/backend/pkg/handlers/terminal_handler.go:40.59,43.90 3 1
github.com/Gkrumbach07/openshell-dashboard/backend/pkg/handlers/terminal_handler.go:43.90,45.3 1 1
github.com/Gkrumbach07/openshell-dashboard/backend/pkg/handlers/terminal_handler.go:46.2,46.91 1 1
github.com/Gkrumbach07/openshell-dashboard/backend/pkg/handlers/terminal_handler.go:46.91,48.3 1 1
github.com/Gkrumbach07/openshell-dashboard/backend/pkg/handlers/terminal_handler.go:49.2,49.19 1 1
github.com/Gkrumbach07/openshell-dashboard/backend/pkg/handlers/terminal_handler.go:52.108,55.6 3 1
github.com/Gkrumbach07/openshell-dashboard/backend/pkg/handlers/terminal_handler.go:55.6,57.12 2 2
github.com/Gkrumbach07/openshell-dashboard/backend/pkg/handlers/terminal_handler.go:57.12,59.4 1 1
github.com/Gkrumbach07/openshell-dashboard/backend/pkg/handlers/terminal_handler.go:60.3,60.17 1 2
github.com/Gkrumbach07/openshell-dashboard/backend/pkg/handlers/terminal_handler.go:60.17,62.63 2 1
github.com/Gkrumbach07/openshell-dashboard/backend/pkg/handlers/terminal_handler.go:62.63,64.5 1 1
github.com/Gkrumbach07/openshell-dashboard/backend/pkg/handlers/terminal_handler.go:65.4,67.10 3 1
github.com/Gkrumbach07/openshell-dashboard/backend/pkg/handlers/terminal_handler.go:72.76,82.16 6 1
github.com/Gkrumbach07/openshell-dashboard/backend/pkg/handlers/terminal_handler.go:82.16,85.3 2 0
github.com/Gkrumbach07/openshell-dashboard/backend/pkg/handlers/terminal_handler.go:86.2,93.16 6 1
github.com/Gkrumbach07/openshell-dashboard/backend/pkg/handlers/terminal_handler.go:93.16,98.3 3 0
github.com/Gkrumbach07/openshell-dashboard/backend/pkg/handlers/terminal_handler.go:99.2,104.6 4 1
github.com/Gkrumbach07/openshell-dashboard/backend/pkg/handlers/terminal_handler.go:104.6,106.21 2 3
github.com/Gkrumbach07/openshell-dashboard/backend/pkg/handlers/terminal_handler.go:106.21,109.4 2 1
github.com/Gkrumbach07/openshell-dashboard/backend/pkg/handlers/terminal_handler.go:110.3,110.39 1 2
github.com/Gkrumbach07/openshell-dashboard/backend/pkg/handlers/terminal_handler.go:110.39,112.71 2 1
github.com/Gkrumbach07/openshell-dashboard/backend/pkg/handlers/terminal_handler.go:112.71,114.13 2 1
github.com/Gkrumbach07/openshell-dashboard/backend/pkg/handlers/terminal_handler.go:117.3,117.80 1 1
github.com/Gkrumbach07/openshell-dashboard/backend/pkg/handlers/terminal_handler.go:117.80,120.4 2 0
github.com/Gkrumbach07/openshell-dashboard/backend/pkg/handlers/terminal_handler.go:129.49,131.18 2 6
github.com/Gkrumbach07/openshell-dashboard/backend/pkg/handlers/terminal_handler.go:131.18,135.3 1 2
github.com/Gkrumbach07/openshell-dashboard/backend/pkg/handlers/terminal_handler.go:136.2,136.66 1 4
github.com/Gkrumbach07/openshell-dashboard/backend/pkg/handlers/workspaces_handler.go:24.86,28.2 1 14
github.com/Gkrumbach07/openshell-dashboard/backend/pkg/handlers/workspaces_handler.go:30.84,32.58 2 2
github.com/Gkrumbach07/openshell-dashboard/backend/pkg/handlers/workspaces_handler.go:32.58,34.3 1 0
github.com/Gkrumbach07/openshell-dashboard/backend/pkg/handlers/workspaces_handler.go:35.2,36.16 2 2
github.com/Gkrumbach07/openshell-dashboard/backend/pkg/handlers/workspaces_handler.go:36.16,39.3 2 1
github.com/Gkrumbach07/openshell-dashboard/backend/pkg/handlers/workspaces_handler.go:40.2,41.32 2 1
github.com/Gkrumbach07/openshell-dashboard/backend/pkg/handlers/workspaces_handler.go:41.32,43.3 1 2
github.com/Gkrumbach07/openshell-dashboard/backend/pkg/handlers/workspaces_handler.go:44.2,44.43 1 1
github.com/Gkrumbach07/openshell-dashboard/backend/pkg/handlers/workspaces_handler.go:47.85,49.39 2 4
github.com/Gkrumbach07/openshell-dashboard/backend/pkg/handlers/workspaces_handler.go:49.39,51.3 1 1
github.com/Gkrumbach07/openshell-dashboard/backend/pkg/handlers/workspaces_handler.go:52.2,52.39 1 3
github.com/Gkrumbach07/openshell-dashboard/backend/pkg/handlers/workspaces_handler.go:52.39,55.3 2 2
github.com/Gkrumbach07/openshell-dashboard/backend/pkg/handlers/workspaces_handler.go:56.2,57.16 2 1
github.com/Gkrumbach07/openshell-dashboard/backend/pkg/handlers/workspaces_handler.go:57.16,60.3 2 0
github.com/Gkrumbach07/openshell-dashboard/backend/pkg/handlers/workspaces_handler.go:61.2,61.79 1 1
github.com/Gkrumbach07/openshell-dashboard/backend/pkg/handlers/workspaces_handler.go:64.82,66.16 2 1
github.com/Gkrumbach07/openshell-dashboard/backend/pkg/handlers/workspaces_handler.go:66.16,69.3 2 0
github.com/Gkrumbach07/openshell-dashboard/backend/pkg/handlers/workspaces_handler.go:70.2,70.74 1 1
github.com/Gkrumbach07/openshell-dashboard/backend/pkg/handlers/workspaces_handler.go:73.85,75.16 2 2
github.com/Gkrumbach07/openshell-dashboard/backend/pkg/handlers/workspaces_handler.go:75.16,78.3 2 1
github.com/Gkrumbach07/openshell-dashboard/backend/pkg/handlers/workspaces_handler.go:79.2,79.67 1 1
github.com/Gkrumbach07/openshell-dashboard/backend/pkg/handlers/workspaces_handler.go:88.81,90.16 2 1
github.com/Gkrumbach07/openshell-dashboard/backend/pkg/handlers/workspaces_handler.go:90.16,93.3 2 0
github.com/Gkrumbach07/openshell-dashboard/backend/pkg/handlers/workspaces_handler.go:94.2,95.33 2 1
github.com/Gkrumbach07/openshell-dashboard/backend/pkg/handlers/workspaces_handler.go:95.33,97.3 1 1
github.com/Gkrumbach07/openshell-dashboard/backend/pkg/handlers/workspaces_handler.go:98.2,98.43 1 1
github.com/Gkrumbach07/openshell-dashboard/backend/pkg/handlers/workspaces_handler.go:101.79,103.39 2 3
github.com/Gkrumbach07/openshell-dashboard/backend/pkg/handlers/workspaces_handler.go:103.39,105.3 1 0
github.com/Gkrumbach07/openshell-dashboard/backend/pkg/handlers/workspaces_handler.go:106.2,106.33 1 3
github.com/Gkrumbach07/openshell-dashboard/backend/pkg/handlers/workspaces_handler.go:106.33,109.3 2 1
github.com/Gkrumbach07/openshell-dashboard/backend/pkg/handlers/workspaces_handler.go:110.2,111.9 2 2
github.com/Gkrumbach07/openshell-dashboard/backend/pkg/handlers/workspaces_handler.go:111.9,114.3 2 1
github.com/Gkrumbach07/openshell-dashboard/backend/pkg/handlers/workspaces_handler.go:115.2,116.16 2 1
github.com/Gkrumbach07/openshell-dashboard/backend/pkg/handlers/workspaces_handler.go:116.16,119.3 2 0
github.com/Gkrumbach07/openshell-dashboard/backend/pkg/handlers/workspaces_handler.go:120.2,120.82 1 1
github.com/Gkrumbach07/openshell-dashboard/backend/pkg/handlers/workspaces_handler.go:123.82,126.33 2 1
github.com/Gkrumbach07/openshell-dashboard/backend/pkg/handlers/workspaces_handler.go:126.33,129.3 2 0
github.com/Gkrumbach07/openshell-dashboard/backend/pkg/handlers/workspaces_handler.go:130.2,131.16 2 1
github.com/Gkrumbach07/openshell-dashboard/backend/pkg/handlers/workspaces_handler.go:131.16,134.3 2 0
github.com/Gkrumbach07/openshell-dashboard/backend/pkg/handlers/workspaces_handler.go:135.2,135.102 1 1
github.com/Gkrumbach07/openshell-dashboard/backend/pkg/models/policyproto.go:22.44,23.18 1 36
github.com/Gkrumbach07/openshell-dashboard/backend/pkg/models/policyproto.go:23.18,25.3 1 7
github.com/Gkrumbach07/openshell-dashboard/backend/pkg/models/policyproto.go:26.2,28.12 3 29
github.com/Gkrumbach07/openshell-dashboard/backend/pkg/models/policyproto.go:31.34,32.15 1 6
github.com/Gkrumbach07/openshell-dashboard/backend/pkg/models/policyproto.go:32.15,34.3 1 0
github.com/Gkrumbach07/openshell-dashboard/backend/pkg/models/policyproto.go:35.2,36.11 2 6
github.com/Gkrumbach07/openshell-dashboard/backend/pkg/models/policyproto.go:41.75,42.14 1 5
github.com/Gkrumbach07/openshell-dashboard/backend/pkg/models/policyproto.go:42.14,44.3 1 0
github.com/Gkrumbach07/openshell-dashboard/backend/pkg/models/policyproto.go:45.2,51.45 2 5
github.com/Gkrumbach07/openshell-dashboard/backend/pkg/models/policyproto.go:51.45,53.24 2 2
github.com/Gkrumbach07/openshell-dashboard/backend/pkg/models/policyproto.go:53.24,54.68 1 2
github.com/Gkrumbach07/openshell-dashboard/backend/pkg/models/policyproto.go:54.68,56.5 1 2
github.com/Gkrumbach07/openshell-dashboard/backend/pkg/models/policyproto.go:59.2,59.48 1 5
github.com/Gkrumbach07/openshell-dashboard/backend/pkg/models/policyproto.go:59.48,61.24 2 2
github.com/Gkrumbach07/openshell-dashboard/backend/pkg/models/policyproto.go:61.24,62.16 1 2
github.com/Gkrumbach07/openshell-dashboard/backend/pkg/models/policyproto.go:62.16,64.5 1 2
github.com/Gkrumbach07/openshell-dashboard/backend/pkg/models/policyproto.go:67.2,67.15 1 5
github.com/Gkrumbach07/openshell-dashboard/backend/pkg/models/policyproto.go:70.73,71.14 1 1
github.com/Gkrumbach07/openshell-dashboard/backend/pkg/models/policyproto.go:71.14,73.3 1 0
github.com/Gkrumbach07/openshell-dashboard/backend/pkg/models/policyproto.go:74.2,80.30 2 1
github.com/Gkrumbach07/openshell-dashboard/backend/pkg/models/policyproto.go:80.30,82.39 2 1
github.com/Gkrumbach07/openshell-dashboard/backend/pkg/models/policyproto.go:82.39,85.4 2 1
github.com/Gkrumbach07/openshell-dashboard/backend/pkg/models/policyproto.go:87.2,87.33 1 1
github.com/Gkrumbach07/openshell-dashboard/backend/pkg/models/policyproto.go:87.33,89.42 2 1
github.com/Gkrumbach07/openshell-dashboard/backend/pkg/models/policyproto.go:89.42,92.4 2 1
github.com/Gkrumbach07/openshell-dashboard/backend/pkg/models/policyproto.go:94.2,94.15 1 1
github.com/Gkrumbach07/openshell-dashboard/backend/pkg/models/policyproto.go:97.97,104.34 2 2
github.com/Gkrumbach07/openshell-dashboard/backend/pkg/models/policyproto.go:104.34,106.3 1 2
github.com/Gkrumbach07/openshell-dashboard/backend/pkg/models/policyproto.go:107.2,107.39 1 2
github.com/Gkrumbach07/openshell-dashboard/backend/pkg/models/policyproto.go:107.39,112.3 1 2
github.com/Gkrumbach07/openshell-dashboard/backend/pkg/models/policyproto.go:113.2,113.15 1 2
github.com/Gkrumbach07/openshell-dashboard/backend/pkg/models/policyproto.go:116.96,123.21 2 1
github.com/Gkrumbach07/openshell-dashboard/backend/pkg/models/policyproto.go:123.21,126.57 1 1
github.com/Gkrumbach07/openshell-dashboard/backend/pkg/models/policyproto.go:126.57,128.4 1 1
github.com/Gkrumbach07/openshell-dashboard/backend/pkg/models/policyproto.go:130.2,130.24 1 1
github.com/Gkrumbach07/openshell-dashboard/backend/pkg/models/policyproto.go:130.24,135.3 1 1
github.com/Gkrumbach07/openshell-dashboard/backend/pkg/models/policyproto.go:136.2,136.15 1 1
github.com/Gkrumbach07/openshell-dashboard/backend/pkg/models/policyproto.go:139.84,140.14 1 5
github.com/Gkrumbach07/openshell-dashboard/backend/pkg/models/policyproto.go:140.14,142.3 1 2
github.com/Gkrumbach07/openshell-dashboard/backend/pkg/models/policyproto.go:143.2,147.3 1 3
github.com/Gkrumbach07/openshell-dashboard/backend/pkg/models/policyproto.go:150.82,151.14 1 1
github.com/Gkrumbach07/openshell-dashboard/backend/pkg/models/policyproto.go:151.14,153.3 1 0
github.com/Gkrumbach07/openshell-dashboard/backend/pkg/models/policyproto.go:154.2,158.3 1 1
github.com/Gkrumbach07/openshell-dashboard/backend/pkg/models/policyproto.go:161.78,162.14 1 5
github.com/Gkrumbach07/openshell-dashboard/backend/pkg/models/policyproto.go:162.14,164.3 1 3
github.com/Gkrumbach07/openshell-dashboard/backend/pkg/models/policyproto.go:165.2,165.69 1 2
github.com/Gkrumbach07/openshell-dashboard/backend/pkg/models/policyproto.go:168.76,169.14 1 1
github.com/Gkrumbach07/openshell-dashboard/backend/pkg/models/policyproto.go:169.14,171.3 1 0
github.com/Gkrumbach07/openshell-dashboard/backend/pkg/models/policyproto.go:172.2,172.61 1 1
github.com/Gkrumbach07/openshell-dashboard/backend/pkg/models/policyproto.go:175.75,176.14 1 5
github.com/Gkrumbach07/openshell-dashboard/backend/pkg/models/policyproto.go:176.14,178.3 1 3
github.com/Gkrumbach07/openshell-dashboard/backend/pkg/models/policyproto.go:179.2,182.3 1 2
github.com/Gkrumbach07/openshell-dashboard/backend/pkg/models/policyproto.go:185.73,186.14 1 1
github.com/Gkrumbach07/openshell-dashboard/backend/pkg/models/policyproto.go:186.14,188.3 1 0
github.com/Gkrumbach07/openshell-dashboard/backend/pkg/models/policyproto.go:189.2,192.3 1 1
github.com/Gkrumbach07/openshell-dashboard/backend/pkg/models/policyproto.go:197.87,198.14 1 4
github.com/Gkrumbach07/openshell-dashboard/backend/pkg/models/policyproto.go:198.14,200.3 1 0
github.com/Gkrumbach07/openshell-dashboard/backend/pkg/models/policyproto.go:201.2,202.43 2 4
github.com/Gkrumbach07/openshell-dashboard/backend/pkg/models/policyproto.go:202.43,204.26 2 4
github.com/Gkrumbach07/openshell-dashboard/backend/pkg/models/policyproto.go:204.26,205.17 1 4
github.com/Gkrumbach07/openshell-dashboard/backend/pkg/models/policyproto.go:205.17,207.5 1 4
github.com/Gkrumbach07/openshell-dashboard/backend/pkg/models/policyproto.go:210.2,210.44 1 4
github.com/Gkrumbach07/openshell-dashboard/backend/pkg/models/policyproto.go:210.44,212.26 2 3
github.com/Gkrumbach07/openshell-dashboard/backend/pkg/models/policyproto.go:212.26,213.16 1 3
github.com/Gkrumbach07/openshell-dashboard/backend/pkg/models/policyproto.go:213.16,215.5 1 3
github.com/Gkrumbach07/openshell-dashboard/backend/pkg/models/policyproto.go:218.2,218.15 1 4
github.com/Gkrumbach07/openshell-dashboard/backend/pkg/models/policyproto.go:221.85,222.14 1 2
github.com/Gkrumbach07/openshell-dashboard/backend/pkg/models/policyproto.go:222.14,224.3 1 0
github.com/Gkrumbach07/openshell-dashboard/backend/pkg/models/policyproto.go:225.2,226.26 2 2
github.com/Gkrumbach07/openshell-dashboard/backend/pkg/models/policyproto.go:226.26,228.30 2 2
github.com/Gkrumbach07/openshell-dashboard/backend/pkg/models/policyproto.go:228.30,230.4 1 2
github.com/Gkrumbach07/openshell-dashboard/backend/pkg/models/policyproto.go:232.2,232.25 1 2
github.com/Gkrumbach07/openshell-dashboard/backend/pkg/models/policyproto.go:232.25,234.29 2 2
github.com/Gkrumbach07/openshell-dashboard/backend/pkg/models/policyproto.go:234.29,236.4 1 2
github.com/Gkrumbach07/openshell-dashboard/backend/pkg/models/policyproto.go:238.2,238.15 1 2
github.com/Gkrumbach07/openshell-dashboard/backend/pkg/models/policyproto.go:243.93,265.58 2 4
github.com/Gkrumbach07/openshell-dashboard/backend/pkg/models/policyproto.go:265.58,267.3 1 2
github.com/Gkrumbach07/openshell-dashboard/backend/pkg/models/policyproto.go:268.2,268.44 1 4
github.com/Gkrumbach07/openshell-dashboard/backend/pkg/models/policyproto.go:268.44,271.3 2 2
github.com/Gkrumbach07/openshell-dashboard/backend/pkg/models/policyproto.go:272.2,272.45 1 4
github.com/Gkrumbach07/openshell-dashboard/backend/pkg/models/policyproto.go:272.45,274.3 1 3
github.com/Gkrumbach07/openshell-dashboard/backend/pkg/models/policyproto.go:275.2,275.44 1 4
github.com/Gkrumbach07/openshell-dashboard/backend/pkg/models/policyproto.go:275.44,277.27 2 2
github.com/Gkrumbach07/openshell-dashboard/backend/pkg/models/policyproto.go:277.27,278.16 1 2
github.com/Gkrumbach07/openshell-dashboard/backend/pkg/models/policyproto.go:278.16,280.5 1 2
github.com/Gkrumbach07/openshell-dashboard/backend/pkg/models/policyproto.go:283.2,283.46 1 4
github.com/Gkrumbach07/openshell-dashboard/backend/pkg/models/policyproto.go:283.46,285.26 2 3
github.com/Gkrumbach07/openshell-dashboard/backend/pkg/models/policyproto.go:285.26,286.16 1 3
github.com/Gkrumbach07/openshell-dashboard/backend/pkg/models/policyproto.go:286.16,288.5 1 3
github.com/Gkrumbach07/openshell-dashboard/backend/pkg/models/policyproto.go:291.2,291.58 1 4
github.com/Gkrumbach07/openshell-dashboard/backend/pkg/models/policyproto.go:291.58,293.25 2 0
github.com/Gkrumbach07/openshell-dashboard/backend/pkg/models/policyproto.go:293.25,294.16 1 0
github.com/Gkrumbach07/openshell-dashboard/backend/pkg/models/policyproto.go:294.16,296.5 1 0
github.com/Gkrumbach07/openshell-dashboard/backend/pkg/models/policyproto.go:299.2,300.15 2 4
github.com/Gkrumbach07/openshell-dashboard/backend/pkg/models/policyproto.go:303.92,325.33 2 2
github.com/Gkrumbach07/openshell-dashboard/backend/pkg/models/policyproto.go:325.33,327.3 1 1
github.com/Gkrumbach07/openshell-dashboard/backend/pkg/models/policyproto.go:328.2,328.23 1 2
github.com/Gkrumbach07/openshell-dashboard/backend/pkg/models/policyproto.go:328.23,331.3 2 1
github.com/Gkrumbach07/openshell-dashboard/backend/pkg/models/policyproto.go:332.2,332.28 1 2
github.com/Gkrumbach07/openshell-dashboard/backend/pkg/models/policyproto.go:332.28,334.3 1 2
github.com/Gkrumbach07/openshell-dashboard/backend/pkg/models/policyproto.go:335.2,335.23 1 2
github.com/Gkrumbach07/openshell-dashboard/backend/pkg/models/policyproto.go:335.23,337.27 2 1
github.com/Gkrumbach07/openshell-dashboard/backend/pkg/models/policyproto.go:337.27,339.4 1 1
github.com/Gkrumbach07/openshell-dashboard/backend/pkg/models/policyproto.go:341.2,341.27 1 2
github.com/Gkrumbach07/openshell-dashboard/backend/pkg/models/policyproto.go:341.27,343.31 2 2
github.com/Gkrumbach07/openshell-dashboard/backend/pkg/models/policyproto.go:343.31,345.4 1 2
github.com/Gkrumbach07/openshell-dashboard/backend/pkg/models/policyproto.go:347.2,347.41 1 2
github.com/Gkrumbach07/openshell-dashboard/backend/pkg/models/policyproto.go:347.41,349.48 2 0
github.com/Gkrumbach07/openshell-dashboard/backend/pkg/models/policyproto.go:349.48,352.4 2 0
github.com/Gkrumbach07/openshell-dashboard/backend/pkg/models/policyproto.go:354.2,355.15 2 2
github.com/Gkrumbach07/openshell-dashboard/backend/pkg/models/policyproto.go:360.66,361.14 1 4
github.com/Gkrumbach07/openshell-dashboard/backend/pkg/models/policyproto.go:361.14,363.3 1 2
github.com/Gkrumbach07/openshell-dashboard/backend/pkg/models/policyproto.go:364.2,367.3 1 2
github.com/Gkrumbach07/openshell-dashboard/backend/pkg/models/policyproto.go:370.64,371.14 1 2
github.com/Gkrumbach07/openshell-dashboard/backend/pkg/models/policyproto.go:371.14,373.3 1 1
github.com/Gkrumbach07/openshell-dashboard/backend/pkg/models/policyproto.go:374.2,377.3 1 1
github.com/Gkrumbach07/openshell-dashboard/backend/pkg/models/policyproto.go:382.53,384.33 2 2
github.com/Gkrumbach07/openshell-dashboard/backend/pkg/models/policyproto.go:384.33,393.36 2 2
github.com/Gkrumbach07/openshell-dashboard/backend/pkg/models/policyproto.go:393.36,395.4 1 2
github.com/Gkrumbach07/openshell-dashboard/backend/pkg/models/policyproto.go:396.3,396.37 1 2
github.com/Gkrumbach07/openshell-dashboard/backend/pkg/models/policyproto.go:396.37,398.4 1 2
github.com/Gkrumbach07/openshell-dashboard/backend/pkg/models/policyproto.go:400.2,400.15 1 2
github.com/Gkrumbach07/openshell-dashboard/backend/pkg/models/policyproto.go:403.52,405.20 2 1
github.com/Gkrumbach07/openshell-dashboard/backend/pkg/models/policyproto.go:405.20,414.29 2 1
github.com/Gkrumbach07/openshell-dashboard/backend/pkg/models/policyproto.go:414.29,416.4 1 1
github.com/Gkrumbach07/openshell-dashboard/backend/pkg/models/policyproto.go:417.3,417.30 1 1
github.com/Gkrumbach07/openshell-dashboard/backend/pkg/models/policyproto.go:417.30,419.4 1 1
github.com/Gkrumbach07/openshell-dashboard/backend/pkg/models/policyproto.go:421.2,421.15 1 1
github.com/Gkrumbach07/openshell-dashboard/backend/pkg/models/policyproto.go:426.65,437.2 1 3
github.com/Gkrumbach07/openshell-dashboard/backend/pkg/models/policyproto.go:439.64,448.22 2 2
github.com/Gkrumbach07/openshell-dashboard/backend/pkg/models/policyproto.go:448.22,450.3 1 1
github.com/Gkrumbach07/openshell-dashboard/backend/pkg/models/policyproto.go:451.2,451.23 1 2
github.com/Gkrumbach07/openshell-dashboard/backend/pkg/models/policyproto.go:451.23,453.3 1 0
github.com/Gkrumbach07/openshell-dashboard/backend/pkg/models/policyproto.go:454.2,454.15 1 2
github.com/Gkrumbach07/openshell-dashboard/backend/pkg/models/policyproto.go:459.95,460.17 1 10
github.com/Gkrumbach07/openshell-dashboard/backend/pkg/models/policyproto.go:460.17,462.3 1 4
github.com/Gkrumbach07/openshell-dashboard/backend/pkg/models/policyproto.go:463.2,464.22 2 6
github.com/Gkrumbach07/openshell-dashboard/backend/pkg/models/policyproto.go:464.22,465.15 1 6
github.com/Gkrumbach07/openshell-dashboard/backend/pkg/models/policyproto.go:465.15,470.4 1 6
github.com/Gkrumbach07/openshell-dashboard/backend/pkg/models/policyproto.go:472.2,472.15 1 6
github.com/Gkrumbach07/openshell-dashboard/backend/pkg/models/policyproto.go:475.93,476.17 1 3
github.com/Gkrumbach07/openshell-dashboard/backend/pkg/models/policyproto.go:476.17,478.3 1 0
github.com/Gkrumbach07/openshell-dashboard/backend/pkg/models/policyproto.go:479.2,480.22 2 3
github.com/Gkrumbach07/openshell-dashboard/backend/pkg/models/policyproto.go:480.22,485.3 1 3
github.com/Gkrumbach07/openshell-dashboard/backend/pkg/models/policyproto.go:486.2,486.15 1 3
github.com/Gkrumbach07/openshell-dashboard/backend/pkg/models/policyproto.go:491.84,497.2 1 0
github.com/Gkrumbach07/openshell-dashboard/backend/pkg/models/policyproto.go:499.83,505.2 1 0
github.com/Gkrumbach07/openshell-dashboard/backend/pkg/models/sdk_converters.go:21.57,22.20 1 6
github.com/Gkrumbach07/openshell-dashboard/backend/pkg/models/sdk_converters.go:22.20,24.3 1 1
github.com/Gkrumbach07/openshell-dashboard/backend/pkg/models/sdk_converters.go:25.2,36.38 2 5
github.com/Gkrumbach07/openshell-dashboard/backend/pkg/models/sdk_converters.go:36.38,38.3 1 0
github.com/Gkrumbach07/openshell-dashboard/backend/pkg/models/sdk_converters.go:40.2,45.34 2 5
github.com/Gkrumbach07/openshell-dashboard/backend/pkg/models/sdk_converters.go:45.34,47.3 1 0
github.com/Gkrumbach07/openshell-dashboard/backend/pkg/models/sdk_converters.go:48.2,48.32 1 5
github.com/Gkrumbach07/openshell-dashboard/backend/pkg/models/sdk_converters.go:48.32,50.3 1 0
github.com/Gkrumbach07/openshell-dashboard/backend/pkg/models/sdk_converters.go:52.2,59.49 2 5
github.com/Gkrumbach07/openshell-dashboard/backend/pkg/models/sdk_converters.go:59.49,67.3 1 0
github.com/Gkrumbach07/openshell-dashboard/backend/pkg/models/sdk_converters.go:68.2,68.12 1 5
github.com/Gkrumbach07/openshell-dashboard/backend/pkg/models/sdk_converters.go:72.84,74.16 2 4
github.com/Gkrumbach07/openshell-dashboard/backend/pkg/models/sdk_converters.go:74.16,76.3 1 1
github.com/Gkrumbach07/openshell-dashboard/backend/pkg/models/sdk_converters.go:78.2,88.39 2 3
github.com/Gkrumbach07/openshell-dashboard/backend/pkg/models/sdk_converters.go:88.39,91.20 3 1
github.com/Gkrumbach07/openshell-dashboard/backend/pkg/models/sdk_converters.go:91.20,93.4 1 1
github.com/Gkrumbach07/openshell-dashboard/backend/pkg/models/sdk_converters.go:94.3,94.23 1 1
github.com/Gkrumbach07/openshell-dashboard/backend/pkg/models/sdk_converters.go:94.23,96.4 1 1
github.com/Gkrumbach07/openshell-dashboard/backend/pkg/models/sdk_converters.go:97.3,98.38 2 1
github.com/Gkrumbach07/openshell-dashboard/backend/pkg/models/sdk_converters.go:101.2,101.22 1 3
github.com/Gkrumbach07/openshell-dashboard/backend/pkg/models/sdk_converters.go:101.22,104.3 2 1
github.com/Gkrumbach07/openshell-dashboard/backend/pkg/models/sdk_converters.go:105.2,105.18 1 3
github.com/Gkrumbach07/openshell-dashboard/backend/pkg/models/sdk_converters.go:110.83,111.14 1 0
github.com/Gkrumbach07/openshell-dashboard/backend/pkg/models/sdk_converters.go:111.14,113.3 1 0
github.com/Gkrumbach07/openshell-dashboard/backend/pkg/models/sdk_converters.go:114.2,126.32 2 0
github.com/Gkrumbach07/openshell-dashboard/backend/pkg/models/sdk_converters.go:126.32,128.3 1 0
github.com/Gkrumbach07/openshell-dashboard/backend/pkg/models/sdk_converters.go:129.2,129.12 1 0
github.com/Gkrumbach07/openshell-dashboard/backend/pkg/models/sdk_converters.go:132.90,134.26 2 0
github.com/Gkrumbach07/openshell-dashboard/backend/pkg/models/sdk_converters.go:134.26,139.49 2 0
github.com/Gkrumbach07/openshell-dashboard/backend/pkg/models/sdk_converters.go:139.49,141.22 2 0
github.com/Gkrumbach07/openshell-dashboard/backend/pkg/models/sdk_converters.go:141.22,143.5 1 0
github.com/Gkrumbach07/openshell-dashboard/backend/pkg/models/sdk_converters.go:145.3,145.26 1 0
github.com/Gkrumbach07/openshell-dashboard/backend/pkg/models/sdk_converters.go:147.2,147.68 1 0
github.com/Gkrumbach07/openshell-dashboard/backend/pkg/models/sdk_converters.go:147.68,154.3 1 0
github.com/Gkrumbach07/openshell-dashboard/backend/pkg/models/sdk_converters.go:155.2,155.12 1 0
github.com/Gkrumbach07/openshell-dashboard/backend/pkg/models/sdk_converters.go:160.107,167.2 1 0
github.com/Gkrumbach07/openshell-dashboard/backend/pkg/models/sdk_converters.go:169.91,171.26 2 0
github.com/Gkrumbach07/openshell-dashboard/backend/pkg/models/sdk_converters.go:171.26,176.49 2 0
github.com/Gkrumbach07/openshell-dashboard/backend/pkg/models/sdk_converters.go:176.49,178.22 2 0
github.com/Gkrumbach07/openshell-dashboard/backend/pkg/models/sdk_converters.go:178.22,180.5 1 0
github.com/Gkrumbach07/openshell-dashboard/backend/pkg/models/sdk_converters.go:182.3,182.26 1 0
github.com/Gkrumbach07/openshell-dashboard/backend/pkg/models/sdk_converters.go:184.2,184.68 1 0
github.com/Gkrumbach07/openshell-dashboard/backend/pkg/models/sdk_converters.go:184.68,191.3 1 0
github.com/Gkrumbach07/openshell-dashboard/backend/pkg/models/sdk_converters.go:192.2,192.12 1 0
github.com/Gkrumbach07/openshell-dashboard/backend/pkg/models/sdk_converters.go:198.107,200.16 2 0
github.com/Gkrumbach07/openshell-dashboard/backend/pkg/models/sdk_converters.go:200.16,202.3 1 0
github.com/Gkrumbach07/openshell-dashboard/backend/pkg/models/sdk_converters.go:203.2,206.8 1 0
github.com/Gkrumbach07/openshell-dashboard/backend/pkg/models/sdk_converters.go:214.76,216.54 2 7
github.com/Gkrumbach07/openshell-dashboard/backend/pkg/models/sdk_converters.go:216.54,218.3 1 2
github.com/Gkrumbach07/openshell-dashboard/backend/pkg/models/sdk_converters.go:219.2,219.41 1 5
github.com/Gkrumbach07/openshell-dashboard/backend/pkg/models/sdk_converters.go:222.34,223.16 1 33
github.com/Gkrumbach07/openshell-dashboard/backend/pkg/models/sdk_converters.go:223.16,225.3 1 33
github.com/Gkrumbach07/openshell-dashboard/backend/pkg/models/sdk_converters.go:226.2,226.22 1 0
github.com/Gkrumbach07/openshell-dashboard/backend/pkg/models/sdk_converters.go:231.67,233.16 2 1
github.com/Gkrumbach07/openshell-dashboard/backend/pkg/models/sdk_converters.go:233.16,235.3 1 0
github.com/Gkrumbach07/openshell-dashboard/backend/pkg/models/sdk_converters.go:236.2,236.12 1 1
github.com/Gkrumbach07/openshell-dashboard/backend/pkg/models/sdk_converters.go:245.61,246.21 1 3
github.com/Gkrumbach07/openshell-dashboard/backend/pkg/models/sdk_converters.go:246.21,248.3 1 1
github.com/Gkrumbach07/openshell-dashboard/backend/pkg/models/sdk_converters.go:249.2,263.39 2 2
github.com/Gkrumbach07/openshell-dashboard/backend/pkg/models/sdk_converters.go:263.39,265.3 1 0
github.com/Gkrumbach07/openshell-dashboard/backend/pkg/models/sdk_converters.go:266.2,266.48 1 2
github.com/Gkrumbach07/openshell-dashboard/backend/pkg/models/sdk_converters.go:266.48,268.55 2 0
github.com/Gkrumbach07/openshell-dashboard/backend/pkg/models/sdk_converters.go:268.55,270.4 1 0
github.com/Gkrumbach07/openshell-dashboard/backend/pkg/models/sdk_converters.go:274.2,275.46 2 2
github.com/Gkrumbach07/openshell-dashboard/backend/pkg/models/sdk_converters.go:275.46,277.3 1 1
github.com/Gkrumbach07/openshell-dashboard/backend/pkg/models/sdk_converters.go:278.2,278.52 1 2
github.com/Gkrumbach07/openshell-dashboard/backend/pkg/models/sdk_converters.go:278.52,280.3 1 1
github.com/Gkrumbach07/openshell-dashboard/backend/pkg/models/sdk_converters.go:281.2,281.20 1 2
github.com/Gkrumbach07/openshell-dashboard/backend/pkg/models/sdk_converters.go:281.20,283.27 2 2
github.com/Gkrumbach07/openshell-dashboard/backend/pkg/models/sdk_converters.go:283.27,285.4 1 2
github.com/Gkrumbach07/openshell-dashboard/backend/pkg/models/sdk_converters.go:286.3,286.35 1 2
github.com/Gkrumbach07/openshell-dashboard/backend/pkg/models/sdk_converters.go:288.2,288.12 1 2
github.com/Gkrumbach07/openshell-dashboard/backend/pkg/models/sdk_converters.go:292.84,293.19 1 7
github.com/Gkrumbach07/openshell-dashboard/backend/pkg/models/sdk_converters.go:293.19,295.3 1 0
github.com/Gkrumbach07/openshell-dashboard/backend/pkg/models/sdk_converters.go:296.2,304.3 1 7
github.com/Gkrumbach07/openshell-dashboard/backend/pkg/models/sdk_converters.go:307.67,308.11 1 7
github.com/Gkrumbach07/openshell-dashboard/backend/pkg/models/sdk_converters.go:309.39,310.18 1 1
github.com/Gkrumbach07/openshell-dashboard/backend/pkg/models/sdk_converters.go:311.41,312.20 1 1
github.com/Gkrumbach07/openshell-dashboard/backend/pkg/models/sdk_converters.go:313.51,314.32 1 1
github.com/Gkrumbach07/openshell-dashboard/backend/pkg/models/sdk_converters.go:315.56,316.37 1 1
github.com/Gkrumbach07/openshell-dashboard/backend/pkg/models/sdk_converters.go:317.56,318.38 1 1
github.com/Gkrumbach07/openshell-dashboard/backend/pkg/models/sdk_converters.go:319.39,320.31 1 1
github.com/Gkrumbach07/openshell-dashboard/backend/pkg/models/sdk_converters.go:322.2,322.22 1 1
github.com/Gkrumbach07/openshell-dashboard/backend/pkg/models/sdk_converters.go:326.81,327.20 1 8
github.com/Gkrumbach07/openshell-dashboard/backend/pkg/models/sdk_converters.go:327.20,329.3 1 0
github.com/Gkrumbach07/openshell-dashboard/backend/pkg/models/sdk_converters.go:330.2,341.43 2 8
github.com/Gkrumbach07/openshell-dashboard/backend/pkg/models/sdk_converters.go:341.43,349.3 1 0
github.com/Gkrumbach07/openshell-dashboard/backend/pkg/models/sdk_converters.go:350.2,350.45 1 8
github.com/Gkrumbach07/openshell-dashboard/backend/pkg/models/sdk_converters.go:350.45,351.24 1 8
github.com/Gkrumbach07/openshell-dashboard/backend/pkg/models/sdk_converters.go:351.24,353.4 1 8
github.com/Gkrumbach07/openshell-dashboard/backend/pkg/models/sdk_converters.go:353.9,353.33 1 0
github.com/Gkrumbach07/openshell-dashboard/backend/pkg/models/sdk_converters.go:353.33,355.4 1 0
github.com/Gkrumbach07/openshell-dashboard/backend/pkg/models/sdk_converters.go:357.2,357.12 1 8
github.com/Gkrumbach07/openshell-dashboard/backend/pkg/models/sdk_converters.go:360.67,361.11 1 8
github.com/Gkrumbach07/openshell-dashboard/backend/pkg/models/sdk_converters.go:362.38,363.17 1 1
github.com/Gkrumbach07/openshell-dashboard/backend/pkg/models/sdk_converters.go:364.42,365.21 1 1
github.com/Gkrumbach07/openshell-dashboard/backend/pkg/models/sdk_converters.go:366.38,367.17 1 1
github.com/Gkrumbach07/openshell-dashboard/backend/pkg/models/sdk_converters.go:368.46,369.26 1 1
github.com/Gkrumbach07/openshell-dashboard/backend/pkg/models/sdk_converters.go:370.42,371.21 1 1
github.com/Gkrumbach07/openshell-dashboard/backend/pkg/models/sdk_converters.go:372.37,373.16 1 1
github.com/Gkrumbach07/openshell-dashboard/backend/pkg/models/sdk_converters.go:374.42,375.21 1 1
github.com/Gkrumbach07/openshell-dashboard/backend/pkg/models/sdk_converters.go:377.2,377.22 1 1
github.com/Gkrumbach07/openshell-dashboard/backend/pkg/models/sdk_converters.go:381.66,382.11 1 2
github.com/Gkrumbach07/openshell-dashboard/backend/pkg/models/sdk_converters.go:383.19,384.44 1 1
github.com/Gkrumbach07/openshell-dashboard/backend/pkg/models/sdk_converters.go:385.15,386.40 1 0
github.com/Gkrumbach07/openshell-dashboard/backend/pkg/models/sdk_converters.go:387.24,388.48 1 0
github.com/Gkrumbach07/openshell-dashboard/backend/pkg/models/sdk_converters.go:389.19,390.44 1 0
github.com/Gkrumbach07/openshell-dashboard/backend/pkg/models/sdk_converters.go:391.14,392.39 1 0
github.com/Gkrumbach07/openshell-dashboard/backend/pkg/models/sdk_converters.go:393.19,394.44 1 0
github.com/Gkrumbach07/openshell-dashboard/backend/pkg/models/sdk_converters.go:395.10,396.40 1 1
github.com/Gkrumbach07/openshell-dashboard/backend/pkg/models/sdk_converters.go:401.96,403.32 2 2
github.com/Gkrumbach07/openshell-dashboard/backend/pkg/models/sdk_converters.go:403.32,411.3 1 1
github.com/Gkrumbach07/openshell-dashboard/backend/pkg/models/sdk_converters.go:412.2,412.12 1 2
github.com/Gkrumbach07/openshell-dashboard/backend/pkg/models/sdk_converters.go:415.38,416.14 1 2
github.com/Gkrumbach07/openshell-dashboard/backend/pkg/models/sdk_converters.go:416.14,418.3 1 2
github.com/Gkrumbach07/openshell-dashboard/backend/pkg/models/sdk_converters.go:419.2,419.22 1 0
github.com/Gkrumbach07/openshell-dashboard/backend/pkg/models/sdk_converters.go:423.58,424.15 1 2
github.com/Gkrumbach07/openshell-dashboard/backend/pkg/models/sdk_converters.go:424.15,426.3 1 0
github.com/Gkrumbach07/openshell-dashboard/backend/pkg/models/sdk_converters.go:427.2,428.39 2 2
github.com/Gkrumbach07/openshell-dashboard/backend/pkg/models/sdk_converters.go:428.39,430.3 1 1
github.com/Gkrumbach07/openshell-dashboard/backend/pkg/models/sdk_converters.go:431.2,443.3 1 2
github.com/Gkrumbach07/openshell-dashboard/backend/pkg/models/sdk_converters.go:447.80,448.19 1 0
github.com/Gkrumbach07/openshell-dashboard/backend/pkg/models/sdk_converters.go:448.19,450.3 1 0
github.com/Gkrumbach07/openshell-dashboard/backend/pkg/models/sdk_converters.go:451.2,452.37 2 0
github.com/Gkrumbach07/openshell-dashboard/backend/pkg/models/sdk_converters.go:452.37,454.3 1 0
github.com/Gkrumbach07/openshell-dashboard/backend/pkg/models/sdk_converters.go:455.2,466.3 1 0
github.com/Gkrumbach07/openshell-dashboard/backend/pkg/models/sdk_converters.go:470.78,471.14 1 3
github.com/Gkrumbach07/openshell-dashboard/backend/pkg/models/sdk_converters.go:472.14,473.43 1 1
github.com/Gkrumbach07/openshell-dashboard/backend/pkg/models/sdk_converters.go:474.15,475.44 1 1
github.com/Gkrumbach07/openshell-dashboard/backend/pkg/models/sdk_converters.go:477.2,477.18 1 1
github.com/Gkrumbach07/openshell-dashboard/backend/pkg/models/sdk_converters.go:480.74,481.16 1 1
github.com/Gkrumbach07/openshell-dashboard/backend/pkg/models/sdk_converters.go:482.41,483.19 1 0
github.com/Gkrumbach07/openshell-dashboard/backend/pkg/models/sdk_converters.go:484.40,485.18 1 1
github.com/Gkrumbach07/openshell-dashboard/backend/pkg/models/sdk_converters.go:486.40,487.18 1 0
github.com/Gkrumbach07/openshell-dashboard/backend/pkg/models/sdk_converters.go:488.44,489.22 1 0
github.com/Gkrumbach07/openshell-dashboard/backend/pkg/models/sdk_converters.go:491.2,491.22 1 0
github.com/Gkrumbach07/openshell-dashboard/backend/pkg/models/sdk_converters.go:495.86,496.21 1 1
github.com/Gkrumbach07/openshell-dashboard/backend/pkg/models/sdk_converters.go:496.21,498.3 1 0
github.com/Gkrumbach07/openshell-dashboard/backend/pkg/models/sdk_converters.go:499.2,508.28 2 1
github.com/Gkrumbach07/openshell-dashboard/backend/pkg/models/sdk_converters.go:508.28,510.3 1 0
github.com/Gkrumbach07/openshell-dashboard/backend/pkg/models/sdk_converters.go:511.2,511.12 1 1
github.com/Gkrumbach07/openshell-dashboard/backend/pkg/models/sdk_converters.go:516.82,517.19 1 1
github.com/Gkrumbach07/openshell-dashboard/backend/pkg/models/sdk_converters.go:517.19,519.3 1 0
github.com/Gkrumbach07/openshell-dashboard/backend/pkg/models/sdk_converters.go:520.2,525.3 2 1
github.com/Gkrumbach07/openshell-dashboard/backend/pkg/models/sdk_converters.go:530.85,531.17 1 1
github.com/Gkrumbach07/openshell-dashboard/backend/pkg/models/sdk_converters.go:531.17,533.3 1 0
github.com/Gkrumbach07/openshell-dashboard/backend/pkg/models/sdk_converters.go:534.2,535.16 2 1
github.com/Gkrumbach07/openshell-dashboard/backend/pkg/models/sdk_converters.go:535.16,537.3 1 0
github.com/Gkrumbach07/openshell-dashboard/backend/pkg/models/sdk_converters.go:538.2,538.12 1 1
github.com/Gkrumbach07/openshell-dashboard/backend/pkg/models/sdk_converters.go:543.91,545.54 2 2
github.com/Gkrumbach07/openshell-dashboard/backend/pkg/models/sdk_converters.go:545.54,547.3 1 0
github.com/Gkrumbach07/openshell-dashboard/backend/pkg/models/sdk_converters.go:548.2,548.45 1 2
github.com/Gkrumbach07/openshell-dashboard/backend/pkg/models/sdk_converters.go:552.67,553.18 1 0
github.com/Gkrumbach07/openshell-dashboard/backend/pkg/models/sdk_converters.go:553.18,555.3 1 0
github.com/Gkrumbach07/openshell-dashboard/backend/pkg/models/sdk_converters.go:556.2,562.30 2 0
github.com/Gkrumbach07/openshell-dashboard/backend/pkg/models/sdk_converters.go:562.30,583.32 3 0
github.com/Gkrumbach07/openshell-dashboard/backend/pkg/models/sdk_converters.go:583.32,585.4 1 0
github.com/Gkrumbach07/openshell-dashboard/backend/pkg/models/sdk_converters.go:586.3,586.42 1 0
github.com/Gkrumbach07/openshell-dashboard/backend/pkg/models/sdk_converters.go:586.42,588.4 1 0
github.com/Gkrumbach07/openshell-dashboard/backend/pkg/models/sdk_converters.go:589.3,589.44 1 0
github.com/Gkrumbach07/openshell-dashboard/backend/pkg/models/sdk_converters.go:589.44,591.4 1 0
github.com/Gkrumbach07/openshell-dashboard/backend/pkg/models/sdk_converters.go:592.3,592.40 1 0
github.com/Gkrumbach07/openshell-dashboard/backend/pkg/models/sdk_converters.go:594.2,594.12 1 0
github.com/Gkrumbach07/openshell-dashboard/backend/pkg/models/sdk_converters.go:598.85,600.28 2 0
github.com/Gkrumbach07/openshell-dashboard/backend/pkg/models/sdk_converters.go:600.28,607.3 1 0
github.com/Gkrumbach07/openshell-dashboard/backend/pkg/models/sdk_converters.go:608.2,608.12 1 0
github.com/Gkrumbach07/openshell-dashboard/backend/pkg/models/sdk_converters.go:612.77,613.16 1 0
github.com/Gkrumbach07/openshell-dashboard/backend/pkg/models/sdk_converters.go:613.16,615.3 1 0
github.com/Gkrumbach07/openshell-dashboard/backend/pkg/models/sdk_converters.go:616.2,622.3 1 0
github.com/Gkrumbach07/openshell-dashboard/backend/pkg/models/sdk_converters.go:625.62,626.17 1 0
github.com/Gkrumbach07/openshell-dashboard/backend/pkg/models/sdk_converters.go:627.36,628.22 1 0
github.com/Gkrumbach07/openshell-dashboard/backend/pkg/models/sdk_converters.go:629.34,630.39 1 0
github.com/Gkrumbach07/openshell-dashboard/backend/pkg/models/sdk_converters.go:631.33,632.38 1 0
github.com/Gkrumbach07/openshell-dashboard/backend/pkg/models/sdk_converters.go:633.35,634.40 1 0
github.com/Gkrumbach07/openshell-dashboard/backend/pkg/models/sdk_converters.go:636.2,636.11 1 0
github.com/Gkrumbach07/openshell-dashboard/backend/pkg/models/sdk_converters.go:640.78,641.19 1 0
github.com/Gkrumbach07/openshell-dashboard/backend/pkg/models/sdk_converters.go:641.19,643.3 1 0
github.com/Gkrumbach07/openshell-dashboard/backend/pkg/models/sdk_converters.go:644.2,648.40 2 0
github.com/Gkrumbach07/openshell-dashboard/backend/pkg/models/sdk_converters.go:648.40,653.3 1 0
github.com/Gkrumbach07/openshell-dashboard/backend/pkg/models/sdk_converters.go:654.2,654.47 1 0
github.com/Gkrumbach07/openshell-dashboard/backend/pkg/models/sdk_converters.go:654.47,656.3 1 0
github.com/Gkrumbach07/openshell-dashboard/backend/pkg/models/sdk_converters.go:657.2,657.12 1 0
github.com/Gkrumbach07/openshell-dashboard/backend/pkg/models/sdk_converters.go:661.66,662.17 1 0
github.com/Gkrumbach07/openshell-dashboard/backend/pkg/models/sdk_converters.go:662.17,664.3 1 0
github.com/Gkrumbach07/openshell-dashboard/backend/pkg/models/sdk_converters.go:665.2,671.3 1 0
github.com/Gkrumbach07/openshell-dashboard/backend/pkg/models/sdk_converters.go:674.68,675.16 1 1
github.com/Gkrumbach07/openshell-dashboard/backend/pkg/models/sdk_converters.go:676.38,677.19 1 1
github.com/Gkrumbach07/openshell-dashboard/backend/pkg/models/sdk_converters.go:678.39,679.20 1 0
github.com/Gkrumbach07/openshell-dashboard/backend/pkg/models/sdk_converters.go:680.40,681.21 1 0
github.com/Gkrumbach07/openshell-dashboard/backend/pkg/models/sdk_converters.go:683.2,683.22 1 0
github.com/Gkrumbach07/openshell-dashboard/backend/pkg/models/sdk_converters.go:687.66,688.17 1 1
github.com/Gkrumbach07/openshell-dashboard/backend/pkg/models/sdk_converters.go:688.17,690.3 1 0
github.com/Gkrumbach07/openshell-dashboard/backend/pkg/models/sdk_converters.go:691.2,696.45 2 1
github.com/Gkrumbach07/openshell-dashboard/backend/pkg/models/sdk_converters.go:696.45,702.3 1 1
github.com/Gkrumbach07/openshell-dashboard/backend/pkg/models/sdk_converters.go:703.2,703.12 1 1
github.com/Gkrumbach07/openshell-dashboard/backend/pkg/models/sdk_converters.go:707.66,708.19 1 1
github.com/Gkrumbach07/openshell-dashboard/backend/pkg/models/sdk_converters.go:708.19,710.3 1 0
github.com/Gkrumbach07/openshell-dashboard/backend/pkg/models/sdk_converters.go:711.2,712.36 2 1
github.com/Gkrumbach07/openshell-dashboard/backend/pkg/models/sdk_converters.go:712.36,721.3 1 1
github.com/Gkrumbach07/openshell-dashboard/backend/pkg/models/sdk_converters.go:722.2,722.12 1 1
github.com/Gkrumbach07/openshell-dashboard/backend/pkg/models/sdk_converters.go:742.66,743.16 1 6
github.com/Gkrumbach07/openshell-dashboard/backend/pkg/models/sdk_converters.go:743.16,745.3 1 1
github.com/Gkrumbach07/openshell-dashboard/backend/pkg/models/sdk_converters.go:746.2,746.21 1 5
github.com/Gkrumbach07/openshell-dashboard/backend/pkg/models/sdk_converters.go:747.35,748.59 1 1
github.com/Gkrumbach07/openshell-dashboard/backend/pkg/models/sdk_converters.go:749.39,750.64 1 1
github.com/Gkrumbach07/openshell-dashboard/backend/pkg/models/sdk_converters.go:751.34,752.59 1 1
github.com/Gkrumbach07/openshell-dashboard/backend/pkg/models/sdk_converters.go:753.10,754.62 1 2
github.com/Gkrumbach07/openshell-dashboard/backend/cmd/server/gateway_setup.go:19.34,20.18 1 0
github.com/Gkrumbach07/openshell-dashboard/backend/cmd/server/gateway_setup.go:20.18,21.39 1 0
github.com/Gkrumbach07/openshell-dashboard/backend/cmd/server/gateway_setup.go:21.39,23.4 1 0
github.com/Gkrumbach07/openshell-dashboard/backend/cmd/server/gateway_setup.go:25.2,25.25 1 0
github.com/Gkrumbach07/openshell-dashboard/backend/cmd/server/gateway_setup.go:25.25,26.46 1 0
github.com/Gkrumbach07/openshell-dashboard/backend/cmd/server/gateway_setup.go:26.46,28.4 1 0
github.com/Gkrumbach07/openshell-dashboard/backend/cmd/server/gateway_setup.go:32.120,36.59 3 0
github.com/Gkrumbach07/openshell-dashboard/backend/cmd/server/gateway_setup.go:36.59,38.3 1 0
github.com/Gkrumbach07/openshell-dashboard/backend/cmd/server/gateway_setup.go:40.2,44.12 2 0
github.com/Gkrumbach07/openshell-dashboard/backend/cmd/server/gateway_setup.go:44.12,46.30 2 0
github.com/Gkrumbach07/openshell-dashboard/backend/cmd/server/gateway_setup.go:46.30,49.4 2 0
github.com/Gkrumbach07/openshell-dashboard/backend/cmd/server/gateway_setup.go:50.3,50.22 1 0
github.com/Gkrumbach07/openshell-dashboard/backend/cmd/server/gateway_setup.go:51.8,53.3 1 0
github.com/Gkrumbach07/openshell-dashboard/backend/cmd/server/gateway_setup.go:55.2,56.16 2 0
github.com/Gkrumbach07/openshell-dashboard/backend/cmd/server/gateway_setup.go:56.16,58.3 1 0
github.com/Gkrumbach07/openshell-dashboard/backend/cmd/server/gateway_setup.go:60.2,62.16 3 0
github.com/Gkrumbach07/openshell-dashboard/backend/cmd/server/gateway_setup.go:62.16,63.53 1 0
github.com/Gkrumbach07/openshell-dashboard/backend/cmd/server/gateway_setup.go:63.53,65.4 1 0
github.com/Gkrumbach07/openshell-dashboard/backend/cmd/server/gateway_setup.go:66.3,66.69 1 0
github.com/Gkrumbach07/openshell-dashboard/backend/cmd/server/gateway_setup.go:69.2,69.69 1 0
github.com/Gkrumbach07/openshell-dashboard/backend/cmd/server/gateway_setup.go:72.69,73.9 1 0
github.com/Gkrumbach07/openshell-dashboard/backend/cmd/server/gateway_setup.go:74.49,75.65 1 0
github.com/Gkrumbach07/openshell-dashboard/backend/cmd/server/gateway_setup.go:76.48,77.63 1 0
github.com/Gkrumbach07/openshell-dashboard/backend/cmd/server/gateway_setup.go:78.91,79.20 1 0
github.com/Gkrumbach07/openshell-dashboard/backend/cmd/server/gateway_setup.go:80.10,82.13 2 0
github.com/Gkrumbach07/openshell-dashboard/backend/cmd/server/gateway_setup.go:82.13,84.4 1 0
github.com/Gkrumbach07/openshell-dashboard/backend/cmd/server/gateway_setup.go:85.3,85.52 1 0
github.com/Gkrumbach07/openshell-dashboard/backend/cmd/server/gateway_setup.go:89.77,90.37 1 0
github.com/Gkrumbach07/openshell-dashboard/backend/cmd/server/gateway_setup.go:90.37,92.3 1 0
github.com/Gkrumbach07/openshell-dashboard/backend/cmd/server/gateway_setup.go:93.2,93.117 1 0
github.com/Gkrumbach07/openshell-dashboard/backend/cmd/server/gateway_setup.go:93.117,99.3 1 0
github.com/Gkrumbach07/openshell-dashboard/backend/cmd/server/gateway_setup.go:100.2,100.18 1 0
github.com/Gkrumbach07/openshell-dashboard/backend/cmd/server/gateway_setup.go:100.18,102.3 1 0
github.com/Gkrumbach07/openshell-dashboard/backend/cmd/server/gateway_setup.go:105.41,108.2 2 0
github.com/Gkrumbach07/openshell-dashboard/backend/cmd/server/inbound_tls.go:19.58,21.2 1 9
github.com/Gkrumbach07/openshell-dashboard/backend/cmd/server/inbound_tls.go:23.57,24.37 1 6
github.com/Gkrumbach07/openshell-dashboard/backend/cmd/server/inbound_tls.go:24.37,26.3 1 1
github.com/Gkrumbach07/openshell-dashboard/backend/cmd/server/inbound_tls.go:27.2,27.46 1 5
github.com/Gkrumbach07/openshell-dashboard/backend/cmd/server/inbound_tls.go:27.46,29.3 1 2
github.com/Gkrumbach07/openshell-dashboard/backend/cmd/server/inbound_tls.go:30.2,30.63 1 3
github.com/Gkrumbach07/openshell-dashboard/backend/cmd/server/inbound_tls.go:30.63,32.3 1 1
github.com/Gkrumbach07/openshell-dashboard/backend/cmd/server/inbound_tls.go:33.2,33.61 1 2
github.com/Gkrumbach07/openshell-dashboard/backend/cmd/server/inbound_tls.go:33.61,35.3 1 1
github.com/Gkrumbach07/openshell-dashboard/backend/cmd/server/inbound_tls.go:36.2,36.12 1 1
github.com/Gkrumbach07/openshell-dashboard/backend/cmd/server/inbound_tls.go:39.45,40.41 1 5
github.com/Gkrumbach07/openshell-dashboard/backend/cmd/server/inbound_tls.go:40.41,42.3 1 2
github.com/Gkrumbach07/openshell-dashboard/backend/cmd/server/inbound_tls.go:43.2,43.12 1 3
github.com/Gkrumbach07/openshell-dashboard/backend/cmd/server/inbound_tls.go:46.53,47.45 1 2
github.com/Gkrumbach07/openshell-dashboard/backend/cmd/server/inbound_tls.go:47.45,49.3 1 1
github.com/Gkrumbach07/openshell-dashboard/backend/cmd/server/inbound_tls.go:50.2,50.15 1 1
github.com/Gkrumbach07/openshell-dashboard/backend/cmd/server/inbound_tls.go:53.71,67.2 1 2
github.com/Gkrumbach07/openshell-dashboard/backend/cmd/server/inbound_tls.go:69.72,70.45 1 2
github.com/Gkrumbach07/openshell-dashboard/backend/cmd/server/inbound_tls.go:70.45,72.3 1 1
github.com/Gkrumbach07/openshell-dashboard/backend/cmd/server/inbound_tls.go:73.2,73.32 1 1
github.com/Gkrumbach07/openshell-dashboard/backend/cmd/server/main.go:33.41,34.42 1 0
github.com/Gkrumbach07/openshell-dashboard/backend/cmd/server/main.go:34.42,36.3 1 0
github.com/Gkrumbach07/openshell-dashboard/backend/cmd/server/main.go:37.2,37.17 1 0
github.com/Gkrumbach07/openshell-dashboard/backend/cmd/server/main.go:40.13,63.62 6 0
github.com/Gkrumbach07/openshell-dashboard/backend/cmd/server/main.go:63.62,66.3 2 0
github.com/Gkrumbach07/openshell-dashboard/backend/cmd/server/main.go:68.2,90.16 4 0
github.com/Gkrumbach07/openshell-dashboard/backend/cmd/server/main.go:90.16,92.3 1 0
github.com/Gkrumbach07/openshell-dashboard/backend/cmd/server/main.go:93.2,108.12 7 0
github.com/Gkrumbach07/openshell-dashboard/backend/cmd/server/main.go:108.12,110.3 1 0
github.com/Gkrumbach07/openshell-dashboard/backend/cmd/server/main.go:112.2,115.9 3 0
github.com/Gkrumbach07/openshell-dashboard/backend/cmd/server/main.go:116.22,117.17 1 0
github.com/Gkrumbach07/openshell-dashboard/backend/cmd/server/main.go:117.17,119.4 1 0
github.com/Gkrumbach07/openshell-dashboard/backend/cmd/server/main.go:120.3,120.9 1 0
github.com/Gkrumbach07/openshell-dashboard/backend/cmd/server/main.go:121.22,123.57 2 0
github.com/Gkrumbach07/openshell-dashboard/backend/cmd/server/main.go:126.2,128.53 3 0
github.com/Gkrumbach07/openshell-dashboard/backend/cmd/server/main.go:128.53,130.3 1 0
github.com/Gkrumbach07/openshell-dashboard/backend/cmd/server/main.go:132.2,132.63 1 0
github.com/Gkrumbach07/openshell-dashboard/backend/cmd/server/main.go:132.63,134.3 1 0
github.com/Gkrumbach07/openshell-dashboard/backend/pkg/clients/auth.go:16.110,18.17 2 0
github.com/Gkrumbach07/openshell-dashboard/backend/pkg/clients/auth.go:18.17,20.3 1 0
github.com/Gkrumbach07/openshell-dashboard/backend/pkg/clients/auth.go:21.2,21.67 1 0
github.com/Gkrumbach07/openshell-dashboard/backend/pkg/clients/auth.go:24.62,26.2 1 0
github.com/Gkrumbach07/openshell-dashboard/backend/pkg/clients/rawexec.go:35.107,37.12 2 0
github.com/Gkrumbach07/openshell-dashboard/backend/pkg/clients/rawexec.go:37.12,39.19 2 0
github.com/Gkrumbach07/openshell-dashboard/backend/pkg/clients/rawexec.go:39.19,41.18 2 0
github.com/Gkrumbach07/openshell-dashboard/backend/pkg/clients/rawexec.go:41.18,43.5 1 0
github.com/Gkrumbach07/openshell-dashboard/backend/pkg/clients/rawexec.go:44.4,45.37 2 0
github.com/Gkrumbach07/openshell-dashboard/backend/pkg/clients/rawexec.go:45.37,47.5 1 0
github.com/Gkrumbach07/openshell-dashboard/backend/pkg/clients/rawexec.go:48.4,48.25 1 0
github.com/Gkrumbach07/openshell-dashboard/backend/pkg/clients/rawexec.go:50.3,50.42 1 0
github.com/Gkrumbach07/openshell-dashboard/backend/pkg/clients/rawexec.go:50.42,52.18 2 0
github.com/Gkrumbach07/openshell-dashboard/backend/pkg/clients/rawexec.go:52.18,54.5 1 0
github.com/Gkrumbach07/openshell-dashboard/backend/pkg/clients/rawexec.go:55.4,55.49 1 0
github.com/Gkrumbach07/openshell-dashboard/backend/pkg/clients/rawexec.go:57.3,57.37 1 0
github.com/Gkrumbach07/openshell-dashboard/backend/pkg/clients/rawexec.go:58.8,60.3 1 0
github.com/Gkrumbach07/openshell-dashboard/backend/pkg/clients/rawexec.go:61.2,65.16 2 0
github.com/Gkrumbach07/openshell-dashboard/backend/pkg/clients/rawexec.go:65.16,67.3 1 0
github.com/Gkrumbach07/openshell-dashboard/backend/pkg/clients/rawexec.go:68.2,68.77 1 0
github.com/Gkrumbach07/openshell-dashboard/backend/pkg/clients/rawexec.go:72.39,72.64 1 0
github.com/Gkrumbach07/openshell-dashboard/backend/pkg/clients/rawexec.go:77.144,87.16 2 2
github.com/Gkrumbach07/openshell-dashboard/backend/pkg/clients/rawexec.go:87.16,89.3 1 0
github.com/Gkrumbach07/openshell-dashboard/backend/pkg/clients/rawexec.go:90.2,92.6 3 2
github.com/Gkrumbach07/openshell-dashboard/backend/pkg/clients/rawexec.go:92.6,94.24 2 8
github.com/Gkrumbach07/openshell-dashboard/backend/pkg/clients/rawexec.go:94.24,95.9 1 2
github.com/Gkrumbach07/openshell-dashboard/backend/pkg/clients/rawexec.go:97.3,97.21 1 6
github.com/Gkrumbach07/openshell-dashboard/backend/pkg/clients/rawexec.go:97.21,99.4 1 0
github.com/Gkrumbach07/openshell-dashboard/backend/pkg/clients/rawexec.go:100.3,100.33 1 6
github.com/Gkrumbach07/openshell-dashboard/backend/pkg/clients/rawexec.go:101.36,102.33 1 2
github.com/Gkrumbach07/openshell-dashboard/backend/pkg/clients/rawexec.go:103.36,104.33 1 2
github.com/Gkrumbach07/openshell-dashboard/backend/pkg/clients/rawexec.go:105.34,106.40 1 2
github.com/Gkrumbach07/openshell-dashboard/backend/pkg/clients/rawexec.go:109.2,109.36 1 2
github.com/Gkrumbach07/openshell-dashboard/backend/pkg/auth/proxy.go:50.34,51.27 1 6
github.com/Gkrumbach07/openshell-dashboard/backend/pkg/auth/proxy.go:51.27,53.3 1 5
github.com/Gkrumbach07/openshell-dashboard/backend/pkg/auth/proxy.go:54.2,54.26 1 6
github.com/Gkrumbach07/openshell-dashboard/backend/pkg/auth/proxy.go:54.26,56.3 1 5
github.com/Gkrumbach07/openshell-dashboard/backend/pkg/auth/proxy.go:57.2,57.30 1 6
github.com/Gkrumbach07/openshell-dashboard/backend/pkg/auth/proxy.go:61.38,63.2 1 0
github.com/Gkrumbach07/openshell-dashboard/backend/pkg/auth/proxy.go:66.43,68.2 1 0
github.com/Gkrumbach07/openshell-dashboard/backend/pkg/auth/proxy.go:74.62,75.71 1 6
github.com/Gkrumbach07/openshell-dashboard/backend/pkg/auth/proxy.go:75.71,76.21 1 6
github.com/Gkrumbach07/openshell-dashboard/backend/pkg/auth/proxy.go:76.21,80.4 3 1
github.com/Gkrumbach07/openshell-dashboard/backend/pkg/auth/proxy.go:82.3,83.18 2 5
github.com/Gkrumbach07/openshell-dashboard/backend/pkg/auth/proxy.go:83.18,84.85 1 3
github.com/Gkrumbach07/openshell-dashboard/backend/pkg/auth/proxy.go:84.85,86.5 1 1
github.com/Gkrumbach07/openshell-dashboard/backend/pkg/auth/proxy.go:88.3,88.18 1 5
github.com/Gkrumbach07/openshell-dashboard/backend/pkg/auth/proxy.go:88.18,91.4 2 2
github.com/Gkrumbach07/openshell-dashboard/backend/pkg/auth/proxy.go:93.3,94.57 2 3
github.com/Gkrumbach07/openshell-dashboard/backend/pkg/auth/proxy.go:94.57,96.4 1 1
github.com/Gkrumbach07/openshell-dashboard/backend/pkg/auth/proxy.go:97.3,97.40 1 3
github.com/Gkrumbach07/openshell-dashboard/backend/pkg/auth/proxy.go:101.63,105.2 3 2
github.com/Gkrumbach07/openshell-dashboard/backend/pkg/auth/proxy.go:109.51,112.2 2 4
github.com/Gkrumbach07/openshell-dashboard/backend/pkg/auth/proxy.go:115.67,117.2 1 0
github.com/Gkrumbach07/openshell-dashboard/backend/pkg/auth/proxy.go:120.50,123.2 2 2
github.com/Gkrumbach07/openshell-dashboard/backend/pkg/server/app.go:56.8,85.2 19 0
github.com/Gkrumbach07/openshell-dashboard/backend/pkg/server/app.go:88.39,94.40 5 1
github.com/Gkrumbach07/openshell-dashboard/backend/pkg/server/app.go:94.40,101.30 4 1
github.com/Gkrumbach07/openshell-dashboard/backend/pkg/server/app.go:101.30,108.49 5 1
github.com/Gkrumbach07/openshell-dashboard/backend/pkg/server/app.go:108.49,111.5 2 1
github.com/Gkrumbach07/openshell-dashboard/backend/pkg/server/app.go:113.4,118.46 5 1
github.com/Gkrumbach07/openshell-dashboard/backend/pkg/server/app.go:118.46,121.48 3 1
github.com/Gkrumbach07/openshell-dashboard/backend/pkg/server/app.go:121.48,179.6 51 1
github.com/Gkrumbach07/openshell-dashboard/backend/pkg/server/app.go:182.4,182.45 1 1
github.com/Gkrumbach07/openshell-dashboard/backend/pkg/server/app.go:182.45,184.5 1 2
github.com/Gkrumbach07/openshell-dashboard/backend/pkg/server/app.go:188.2,188.25 1 1
github.com/Gkrumbach07/openshell-dashboard/backend/pkg/server/app.go:188.25,190.3 1 0
github.com/Gkrumbach07/openshell-dashboard/backend/pkg/server/app.go:192.2,192.10 1 1
github.com/Gkrumbach07/openshell-dashboard/backend/pkg/server/app.go:196.69,197.44 1 0
github.com/Gkrumbach07/openshell-dashboard/backend/pkg/server/app.go:197.44,200.3 2 0
github.com/Gkrumbach07/openshell-dashboard/backend/pkg/server/app.go:201.2,202.66 2 0
github.com/Gkrumbach07/openshell-dashboard/backend/pkg/server/app.go:202.66,205.3 2 0
github.com/Gkrumbach07/openshell-dashboard/backend/pkg/server/app.go:206.2,206.66 1 0
github.com/Gkrumbach07/openshell-dashboard/backend/pkg/server/app.go:210.68,212.2 1 0
github.com/Gkrumbach07/openshell-dashboard/backend/pkg/server/app.go:215.71,217.2 1 0
